Archive member included to satisfy reference by file (symbol)

C:/ST/STM32CubeIDE_1.17.0/STM32CubeIDE/plugins/com.st.stm32cube.ide.mcu.externaltools.gnu-tools-for-stm32.12.3.rel1.win32_1.1.0.202410251130/tools/bin/../lib/gcc/arm-none-eabi/12.3.1/../../../../arm-none-eabi/lib/thumb/v7e-m+fp/hard\libc_nano.a(libc_a-exit.o)
                              C:/ST/STM32CubeIDE_1.17.0/STM32CubeIDE/plugins/com.st.stm32cube.ide.mcu.externaltools.gnu-tools-for-stm32.12.3.rel1.win32_1.1.0.202410251130/tools/bin/../lib/gcc/arm-none-eabi/12.3.1/../../../../arm-none-eabi/lib/thumb/v7e-m+fp/hard/crt0.o (exit)
C:/ST/STM32CubeIDE_1.17.0/STM32CubeIDE/plugins/com.st.stm32cube.ide.mcu.externaltools.gnu-tools-for-stm32.12.3.rel1.win32_1.1.0.202410251130/tools/bin/../lib/gcc/arm-none-eabi/12.3.1/../../../../arm-none-eabi/lib/thumb/v7e-m+fp/hard\libc_nano.a(libc_a-findfp.o)
                              C:/ST/STM32CubeIDE_1.17.0/STM32CubeIDE/plugins/com.st.stm32cube.ide.mcu.externaltools.gnu-tools-for-stm32.12.3.rel1.win32_1.1.0.202410251130/tools/bin/../lib/gcc/arm-none-eabi/12.3.1/../../../../arm-none-eabi/lib/thumb/v7e-m+fp/hard\libc_nano.a(libc_a-exit.o) (__stdio_exit_handler)
C:/ST/STM32CubeIDE_1.17.0/STM32CubeIDE/plugins/com.st.stm32cube.ide.mcu.externaltools.gnu-tools-for-stm32.12.3.rel1.win32_1.1.0.202410251130/tools/bin/../lib/gcc/arm-none-eabi/12.3.1/../../../../arm-none-eabi/lib/thumb/v7e-m+fp/hard\libc_nano.a(libc_a-fwalk.o)
                              C:/ST/STM32CubeIDE_1.17.0/STM32CubeIDE/plugins/com.st.stm32cube.ide.mcu.externaltools.gnu-tools-for-stm32.12.3.rel1.win32_1.1.0.202410251130/tools/bin/../lib/gcc/arm-none-eabi/12.3.1/../../../../arm-none-eabi/lib/thumb/v7e-m+fp/hard\libc_nano.a(libc_a-findfp.o) (_fwalk_sglue)
C:/ST/STM32CubeIDE_1.17.0/STM32CubeIDE/plugins/com.st.stm32cube.ide.mcu.externaltools.gnu-tools-for-stm32.12.3.rel1.win32_1.1.0.202410251130/tools/bin/../lib/gcc/arm-none-eabi/12.3.1/../../../../arm-none-eabi/lib/thumb/v7e-m+fp/hard\libc_nano.a(libc_a-stdio.o)
                              C:/ST/STM32CubeIDE_1.17.0/STM32CubeIDE/plugins/com.st.stm32cube.ide.mcu.externaltools.gnu-tools-for-stm32.12.3.rel1.win32_1.1.0.202410251130/tools/bin/../lib/gcc/arm-none-eabi/12.3.1/../../../../arm-none-eabi/lib/thumb/v7e-m+fp/hard\libc_nano.a(libc_a-findfp.o) (__sread)
C:/ST/STM32CubeIDE_1.17.0/STM32CubeIDE/plugins/com.st.stm32cube.ide.mcu.externaltools.gnu-tools-for-stm32.12.3.rel1.win32_1.1.0.202410251130/tools/bin/../lib/gcc/arm-none-eabi/12.3.1/../../../../arm-none-eabi/lib/thumb/v7e-m+fp/hard\libc_nano.a(libc_a-memset.o)
                              C:/ST/STM32CubeIDE_1.17.0/STM32CubeIDE/plugins/com.st.stm32cube.ide.mcu.externaltools.gnu-tools-for-stm32.12.3.rel1.win32_1.1.0.202410251130/tools/bin/../lib/gcc/arm-none-eabi/12.3.1/../../../../arm-none-eabi/lib/thumb/v7e-m+fp/hard/crt0.o (memset)
C:/ST/STM32CubeIDE_1.17.0/STM32CubeIDE/plugins/com.st.stm32cube.ide.mcu.externaltools.gnu-tools-for-stm32.12.3.rel1.win32_1.1.0.202410251130/tools/bin/../lib/gcc/arm-none-eabi/12.3.1/../../../../arm-none-eabi/lib/thumb/v7e-m+fp/hard\libc_nano.a(libc_a-closer.o)
                              C:/ST/STM32CubeIDE_1.17.0/STM32CubeIDE/plugins/com.st.stm32cube.ide.mcu.externaltools.gnu-tools-for-stm32.12.3.rel1.win32_1.1.0.202410251130/tools/bin/../lib/gcc/arm-none-eabi/12.3.1/../../../../arm-none-eabi/lib/thumb/v7e-m+fp/hard\libc_nano.a(libc_a-stdio.o) (_close_r)
C:/ST/STM32CubeIDE_1.17.0/STM32CubeIDE/plugins/com.st.stm32cube.ide.mcu.externaltools.gnu-tools-for-stm32.12.3.rel1.win32_1.1.0.202410251130/tools/bin/../lib/gcc/arm-none-eabi/12.3.1/../../../../arm-none-eabi/lib/thumb/v7e-m+fp/hard\libc_nano.a(libc_a-reent.o)
                              C:/ST/STM32CubeIDE_1.17.0/STM32CubeIDE/plugins/com.st.stm32cube.ide.mcu.externaltools.gnu-tools-for-stm32.12.3.rel1.win32_1.1.0.202410251130/tools/bin/../lib/gcc/arm-none-eabi/12.3.1/../../../../arm-none-eabi/lib/thumb/v7e-m+fp/hard\libc_nano.a(libc_a-closer.o) (errno)
C:/ST/STM32CubeIDE_1.17.0/STM32CubeIDE/plugins/com.st.stm32cube.ide.mcu.externaltools.gnu-tools-for-stm32.12.3.rel1.win32_1.1.0.202410251130/tools/bin/../lib/gcc/arm-none-eabi/12.3.1/../../../../arm-none-eabi/lib/thumb/v7e-m+fp/hard\libc_nano.a(libc_a-impure.o)
                              C:/ST/STM32CubeIDE_1.17.0/STM32CubeIDE/plugins/com.st.stm32cube.ide.mcu.externaltools.gnu-tools-for-stm32.12.3.rel1.win32_1.1.0.202410251130/tools/bin/../lib/gcc/arm-none-eabi/12.3.1/../../../../arm-none-eabi/lib/thumb/v7e-m+fp/hard\libc_nano.a(libc_a-reent.o) (_impure_ptr)
C:/ST/STM32CubeIDE_1.17.0/STM32CubeIDE/plugins/com.st.stm32cube.ide.mcu.externaltools.gnu-tools-for-stm32.12.3.rel1.win32_1.1.0.202410251130/tools/bin/../lib/gcc/arm-none-eabi/12.3.1/../../../../arm-none-eabi/lib/thumb/v7e-m+fp/hard\libc_nano.a(libc_a-lseekr.o)
[...]
Memory Configuration

Name             Origin             Length             Attributes
CCMRAM           0x10000000         0x00010000         xrw
RAM              0x20000000         0x00020000         xrw
FLASH            0x08000000         0x00100000         xr
*default*        0x00000000         0xffffffff

Linker script and memory map

LOAD C:/ST/STM32CubeIDE_1.17.0/STM32CubeIDE/plugins/com.st.stm32cube.ide.mcu.externaltools.gnu-tools-for-stm32.12.3.rel1.win32_1.1.0.202410251130/tools/bin/../lib/gcc/arm-none-eabi/12.3.1/thumb/v7e-m+fp/hard/crti.o
LOAD C:/ST/STM32CubeIDE_1.17.0/STM32CubeIDE/plugins/com.st.stm32cube.ide.mcu.externaltools.gnu-tools-for-stm32.12.3.rel1.win32_1.1.0.202410251130/tools/bin/../lib/gcc/arm-none-eabi/12.3.1/thumb/v7e-m+fp/hard/crtbegin.o
LOAD C:/ST/STM32CubeIDE_1.17.0/STM32CubeIDE/plugins/com.st.stm32cube.ide.mcu.externaltools.gnu-tools-for-stm32.12.3.rel1.win32_1.1.0.202410251130/tools/bin/../lib/gcc/arm-none-eabi/12.3.1/../../../../arm-none-eabi/lib/thumb/v7e-m+fp/hard/crt0.o
LOAD ./Core/Src/main.o
LOAD ./Core/Src/syscalls.o
LOAD ./Core/Src/sysmem.o
LOAD ./Core/Src/system_stm32f4xx.o
LOAD ./Peripherals/Src/rcc.o
LOAD ./Peripherals/Src/tim.o
LOAD ./SimpleFOC/Driver/Src/BLDCDriver.o
LOAD ./SimpleFOC/Motor/Src/BLDCMotor.o
LOAD ./Startup/startup_stm32f407xx.o
START GROUP
LOAD C:/ST/STM32CubeIDE_1.17.0/STM32CubeIDE/plugins/com.st.stm32cube.ide.mcu.externaltools.gnu-tools-for-stm32.12.3.rel1.win32_1.1.0.202410251130/tools/bin/../lib/gcc/arm-none-eabi/12.3.1/../../../../arm-none-eabi/lib/thumb/v7e-m+fp/hard\libc_nano.a
LOAD C:/ST/STM32CubeIDE_1.17.0/STM32CubeIDE/plugins/com.st.stm32cube.ide.mcu.externaltools.gnu-tools-for-stm32.12.3.rel1.win32_1.1.0.202410251130/tools/bin/../lib/gcc/arm-none-eabi/12.3.1/../../../../arm-none-eabi/lib/thumb/v7e-m+fp/hard\libm.a
END GROUP
START GROUP
LOAD C:/ST/STM32CubeIDE_1.17.0/STM32CubeIDE/plugins/com.st.stm32cube.ide.mcu.externaltools.gnu-tools-for-stm32.12.3.rel1.win32_1.1.0.202410251130/tools/bin/../lib/gcc/arm-none-eabi/12.3.1/thumb/v7e-m+fp/hard\libgcc.a
LOAD C:/ST/STM32CubeIDE_1.17.0/STM32CubeIDE/plugins/com.st.stm32cube.ide.mcu.externaltools.gnu-tools-for-stm32.12.3.rel1.win32_1.1.0.202410251130/tools/bin/../lib/gcc/arm-none-eabi/12.3.1/../../../../arm-none-eabi/lib/thumb/v7e-m+fp/hard\libc_nano.a
END GROUP
START GROUP
LOAD C:/ST/STM32CubeIDE_1.17.0/STM32CubeIDE/plugins/com.st.stm32cube.ide.mcu.externaltools.gnu-tools-for-stm32.12.3.rel1.win32_1.1.0.202410251130/tools/bin/../lib/gcc/arm-none-eabi/12.3.1/thumb/v7e-m+fp/hard\libgcc.a
LOAD C:/ST/STM32CubeIDE_1.17.0/STM32CubeIDE/plugins/com.st.stm32cube.ide.mcu.externaltools.gnu-tools-for-stm32.12.3.rel1.win32_1.1.0.202410251130/tools/bin/../lib/gcc/arm-none-eabi/12.3.1/../../../../arm-none-eabi/lib/thumb/v7e-m+fp/hard\libc_nano.a
LOAD C:/ST/STM32CubeIDE_1.17.0/STM32CubeIDE/plugins/com.st.stm32cube.ide.mcu.externaltools.gnu-tools-for-stm32.12.3.rel1.win32_1.1.0.202410251130/tools/bin/../lib/gcc/arm-none-eabi/12.3.1/../../../../arm-none-eabi/lib/thumb/v7e-m+fp/hard\libnosys.a
END GROUP
START GROUP
LOAD C:/ST/STM32CubeIDE_1.17.0/STM32CubeIDE/plugins/com.st.stm32cube.ide.mcu.externaltools.gnu-tools-for-stm32.12.3.rel1.win32_1.1.0.202410251130/tools/bin/../lib/gcc/arm-none-eabi/12.3.1/thumb/v7e-m+fp/hard\libgcc.a
LOAD C:/ST/STM32CubeIDE_1.17.0/STM32CubeIDE/plugins/com.st.stm32cube.ide.mcu.externaltools.gnu-tools-for-stm32.12.3.rel1.win32_1.1.0.202410251130/tools/bin/../lib/gcc/arm-none-eabi/12.3.1/../../../../arm-none-eabi/lib/thumb/v7e-m+fp/hard\libc_nano.a
LOAD C:/ST/STM32CubeIDE_1.17.0/STM32CubeIDE/plugins/com.st.stm32cube.ide.mcu.externaltools.gnu-tools-for-stm32.12.3.rel1.win32_1.1.0.202410251130/tools/bin/../lib/gcc/arm-none-eabi/12.3.1/../../../../arm-none-eabi/lib/thumb/v7e-m+fp/hard\libnosys.a
END GROUP
LOAD C:/ST/STM32CubeIDE_1.17.0/STM32CubeIDE/plugins/com.st.stm32cube.ide.mcu.externaltools.gnu-tools-for-stm32.12.3.rel1.win32_1.1.0.202410251130/tools/bin/../lib/gcc/arm-none-eabi/12.3.1/thumb/v7e-m+fp/hard/crtend.o
LOAD C:/ST/STM32CubeIDE_1.17.0/STM32CubeIDE/plugins/com.st.stm32cube.ide.mcu.externaltools.gnu-tools-for-stm32.12.3.rel1.win32_1.1.0.202410251130/tools/bin/../lib/gcc/arm-none-eabi/12.3.1/thumb/v7e-m+fp/hard/crtn.o
                0x20020000                        _estack = (ORIGIN (RAM) + LENGTH (RAM))
                0x00000200                        _Min_Heap_Size = 0x200
                0x00000400                        _Min_Stack_Size = 0x400

.isr_vector     0x08000000      0x188
                0x08000000                        . = ALIGN (0x4)
 *(.isr_vector)
 .isr_vector    0x08000000      0x188 ./Startup/startup_stm32f407xx.o
                0x08000000                g_pfnVectors
                0x08000188                        . = ALIGN (0x4)

.text           0x08000188     0x1bac
                0x08000188                        . = ALIGN (0x4)
 *(.text)
 .text          0x08000188       0x40 C:/ST/STM32CubeIDE_1.17.0/STM32CubeIDE/plugins/com.st.stm32cube.ide.mcu.externaltools.gnu-tools-for-stm32.12.3.rel1.win32_1.1.0.202410251130/tools/bin/../lib/gcc/arm-none-eabi/12.3.1/thumb/v7e-m+fp/hard/crtbegin.o
 .text          0x080001c8      0x378 C:/ST/STM32CubeIDE_1.17.0/STM32CubeIDE/plugins/com.st.stm32cube.ide.mcu.externaltools.gnu-tools-for-stm32.12.3.rel1.win32_1.1.0.202410251130/tools/bin/../lib/gcc/arm-none-eabi/12.3.1/thumb/v7e-m+fp/hard\libgcc.a(_arm_addsubdf3.o)
                0x080001c8                __aeabi_drsub
                0x080001d0                __aeabi_dsub
                0x080001d0                __subdf3
                0x080001d4                __aeabi_dadd
                0x080001d4                __adddf3
                0x0800044c                __floatunsidf
                0x0800044c                __aeabi_ui2d
                0x0800046c                __floatsidf
                0x0800046c                __aeabi_i2d
                0x08000490                __aeabi_f2d
                0x08000490                __extendsfdf2
                0x080004d4                __floatundidf
                0x080004d4                __aeabi_ul2d
                0x080004e4                __floatdidf
                0x080004e4                __aeabi_l2d
 .text          0x08000540      0x424 C:/ST/STM32CubeIDE_1.17.0/STM32CubeIDE/plugins/com.st.stm32cube.ide.mcu.externaltools.gnu-tools-for-stm32.12.3.rel1.win32_1.1.0.202410251130/tools/bin/../lib/gcc/arm-none-eabi/12.3.1/thumb/v7e-m+fp/hard\libgcc.a(_arm_muldivdf3.o)
                0x08000540                __aeabi_dmul
                0x08000540                __muldf3
                0x08000794                __divdf3
                0x08000794                __aeabi_ddiv
 .text          0x08000964      0x110 C:/ST/STM32CubeIDE_1.17.0/STM32CubeIDE/plugins/com.st.stm32cube.ide.mcu.externaltools.gnu-tools-for-stm32.12.3.rel1.win32_1.1.0.202410251130/tools/bin/../lib/gcc/arm-none-eabi/12.3.1/thumb/v7e-m+fp/hard\libgcc.a(_arm_cmpdf2.o)
                0x08000964                __gtdf2
                0x08000964                __gedf2
                0x0800096c                __ltdf2
                0x0800096c                __ledf2
                0x08000974                __nedf2
                0x08000974                __eqdf2
                0x08000974                __cmpdf2
                0x080009f0                __aeabi_cdrcmple
                0x08000a00                __aeabi_cdcmpeq
                0x08000a00                __aeabi_cdcmple
                0x08000a10                __aeabi_dcmpeq
                0x08000a24                __aeabi_dcmplt
                0x08000a38                __aeabi_dcmple
                0x08000a4c                __aeabi_dcmpge
                0x08000a60                __aeabi_dcmpgt
 .text          0x08000a74       0xa0 C:/ST/STM32CubeIDE_1.17.0/STM32CubeIDE/plugins/com.st.stm32cube.ide.mcu.externaltools.gnu-tools-for-stm32.12.3.rel1.win32_1.1.0.202410251130/tools/bin/../lib/gcc/arm-none-eabi/12.3.1/thumb/v7e-m+fp/hard\libgcc.a(_arm_truncdfsf2.o)
                0x08000a74                __truncdfsf2
                0x08000a74                __aeabi_d2f
 *(.text*)
 .text._sin     0x08000b14       0xf0 ./Core/Src/main.o
                0x08000b14                _sin
 .text._cos     0x08000c04       0x60 ./Core/Src/main.o
                0x08000c04                _cos
 .text._sincos  0x08000c64       0x3a ./Core/Src/main.o
                0x08000c64                _sincos
 *fill*         0x08000c9e        0x2 
 .text.main     0x08000ca0       0x7c ./Core/Src/main.o
                0x08000ca0                main
 .text.SystemInit
                0x08000d1c       0x24 ./Core/Src/system_stm32f4xx.o
                0x08000d1c                SystemInit
 .text.__NVIC_ClearPendingIRQ
                0x08000d40       0x3c ./Peripherals/Src/rcc.o
 .text.__NVIC_SetPriority
                0x08000d7c       0x54 ./Peripherals/Src/rcc.o
 .text.rcc_SysClock_Config
                0x08000dd0       0xd0 ./Peripherals/Src/rcc.o
                0x08000dd0                rcc_SysClock_Config
 .text.rcc_SysTick_Config
                0x08000ea0       0x38 ./Peripherals/Src/rcc.o
                0x08000ea0                rcc_SysTick_Config
 .text.SysTick_Handler
                0x08000ed8       0x10 ./Peripherals/Src/rcc.o
                0x08000ed8                SysTick_Handler
 .text.__NVIC_EnableIRQ
                0x08000ee8       0x3c ./Peripherals/Src/tim.o
 .text.tim_TIM3_3PWM_Config
                0x08000f24      0x148 ./Peripherals/Src/tim.o
                0x08000f24                tim_TIM3_3PWM_Config
 .text.tim_TIM2_Delay_Config
                0x0800106c       0x50 ./Peripherals/Src/tim.o
                0x0800106c                tim_TIM2_Delay_Config
 .text.TIM2_IRQHandler
                0x080010bc       0x3c ./Peripherals/Src/tim.o
                0x080010bc                TIM2_IRQHandler
 .text._tim_msec_val_
                0x080010f8       0x18 ./Peripherals/Src/tim.o
                0x080010f8                _tim_msec_val_
 .text._tim_usec_val_
                0x08001110       0x1e ./Peripherals/Src/tim.o
                0x08001110                _tim_usec_val_
 *fill*         0x0800112e        0x2 
 .text.BLDCDriver_Init
                0x08001130       0x24 ./SimpleFOC/Driver/Src/BLDCDriver.o
                0x08001130                BLDCDriver_Init
 .text.BLDCDriver_SetPWM
                0x08001154      0x1b8 ./SimpleFOC/Driver/Src/BLDCDriver.o
                0x08001154                BLDCDriver_SetPWM
 .text.BLDCDriver_WriteDutyCycle
                0x0800130c       0x80 ./SimpleFOC/Driver/Src/BLDCDriver.o
                0x0800130c                BLDCDriver_WriteDutyCycle
 .text.BLDCMotor_Init
                0x0800138c      0x158 ./SimpleFOC/Motor/Src/BLDCMotor.o
                0x0800138c                BLDCMotor_Init
 .text.BLDCMotor_LinkDriver
                0x080014e4       0x1c ./SimpleFOC/Motor/Src/BLDCMotor.o
                0x080014e4                BLDCMotor_LinkDriver
 .text.BLDCMotor_RunOpenloop
                0x08001500      0x30c ./SimpleFOC/Motor/Src/BLDCMotor.o
                0x08001500                BLDCMotor_RunOpenloop
 .text.BLDCMotor_Move
                0x0800180c       0xe8 ./SimpleFOC/Motor/Src/BLDCMotor.o
                0x0800180c                BLDCMotor_Move
 .text.BLDCMotor_SetPhaseVoltage
                0x080018f4      0x290 ./SimpleFOC/Motor/Src/BLDCMotor.o
                0x080018f4                BLDCMotor_SetPhaseVoltage
 .text.Reset_Handler
                0x08001b84       0x50 ./Startup/startup_stm32f407xx.o
                0x08001b84                Reset_Handler
 .text.Default_Handler
                0x08001bd4        0x2 ./Startup/startup_stm32f407xx.o
                0x08001bd4                RTC_Alarm_IRQHandler
                0x08001bd4                HASH_RNG_IRQHandler
                0x08001bd4                EXTI2_IRQHandler
                0x08001bd4                TIM8_CC_IRQHandler
                0x08001bd4                DebugMon_Handler
                0x08001bd4                TIM1_CC_IRQHandler
                0x08001bd4                DMA2_Stream5_IRQHandler
                0x08001bd4                HardFault_Handler
                0x08001bd4                DMA1_Stream5_IRQHandler
                0x08001bd4                PVD_IRQHandler
                0x08001bd4                SDIO_IRQHandler
                0x08001bd4                TAMP_STAMP_IRQHandler
                0x08001bd4                PendSV_Handler
                0x08001bd4                NMI_Handler
                0x08001bd4                CAN2_RX1_IRQHandler
                0x08001bd4                EXTI3_IRQHandler
                0x08001bd4                TIM8_TRG_COM_TIM14_IRQHandler
                0x08001bd4                TIM1_UP_TIM10_IRQHandler
                0x08001bd4                TIM8_UP_TIM13_IRQHandler
                0x08001bd4                I2C3_ER_IRQHandler
                0x08001bd4                EXTI0_IRQHandler
                0x08001bd4                I2C2_EV_IRQHandler
                0x08001bd4                DMA1_Stream2_IRQHandler
                0x08001bd4                CAN1_RX0_IRQHandler
                0x08001bd4                FPU_IRQHandler
                0x08001bd4                OTG_HS_WKUP_IRQHandler
                0x08001bd4                UsageFault_Handler
                0x08001bd4                CAN2_SCE_IRQHandler
                0x08001bd4                DMA2_Stream2_IRQHandler
                0x08001bd4                SPI1_IRQHandler
                0x08001bd4                TIM6_DAC_IRQHandler
                0x08001bd4                TIM1_BRK_TIM9_IRQHandler
                0x08001bd4                DCMI_IRQHandler
                0x08001bd4                CAN2_RX0_IRQHandler
                0x08001bd4                DMA2_Stream3_IRQHandler
                0x08001bd4                USART6_IRQHandler
                0x08001bd4                USART3_IRQHandler
                0x08001bd4                CAN1_RX1_IRQHandler
                0x08001bd4                UART5_IRQHandler
                0x08001bd4                DMA2_Stream0_IRQHandler
                0x08001bd4                TIM4_IRQHandler
                0x08001bd4                I2C1_EV_IRQHandler
                0x08001bd4                DMA1_Stream6_IRQHandler
                0x08001bd4                DMA1_Stream1_IRQHandler
                0x08001bd4                UART4_IRQHandler
                0x08001bd4                TIM3_IRQHandler
                0x08001bd4                RCC_IRQHandler
                0x08001bd4                TIM8_BRK_TIM12_IRQHandler
                0x08001bd4                Default_Handler
                0x08001bd4                EXTI15_10_IRQHandler
                0x08001bd4                ADC_IRQHandler
                0x08001bd4                DMA1_Stream7_IRQHandler
                0x08001bd4                TIM7_IRQHandler
                0x08001bd4                CAN2_TX_IRQHandler
                0x08001bd4                TIM5_IRQHandler
                0x08001bd4                DMA2_Stream7_IRQHandler
                0x08001bd4                I2C3_EV_IRQHandler
                0x08001bd4                EXTI9_5_IRQHandler
                0x08001bd4                RTC_WKUP_IRQHandler
                0x08001bd4                ETH_WKUP_IRQHandler
                0x08001bd4                SPI2_IRQHandler
                0x08001bd4                OTG_HS_EP1_IN_IRQHandler
                0x08001bd4                MemManage_Handler
                0x08001bd4                DMA1_Stream0_IRQHandler
                0x08001bd4                CAN1_TX_IRQHandler
                0x08001bd4                SVC_Handler
                0x08001bd4                EXTI4_IRQHandler
                0x08001bd4                FSMC_IRQHandler
                0x08001bd4                ETH_IRQHandler
                0x08001bd4                OTG_HS_EP1_OUT_IRQHandler
                0x08001bd4                WWDG_IRQHandler
                0x08001bd4                OTG_FS_WKUP_IRQHandler
                0x08001bd4                TIM1_TRG_COM_TIM11_IRQHandler
                0x08001bd4                OTG_HS_IRQHandler
                0x08001bd4                EXTI1_IRQHandler
                0x08001bd4                USART2_IRQHandler
                0x08001bd4                I2C2_ER_IRQHandler
                0x08001bd4                DMA2_Stream1_IRQHandler
                0x08001bd4                CAN1_SCE_IRQHandler
                0x08001bd4                FLASH_IRQHandler
                0x08001bd4                DMA2_Stream4_IRQHandler
                0x08001bd4                BusFault_Handler
                0x08001bd4                USART1_IRQHandler
                0x08001bd4                OTG_FS_IRQHandler
                0x08001bd4                SPI3_IRQHandler
                0x08001bd4                DMA1_Stream4_IRQHandler
                0x08001bd4                I2C1_ER_IRQHandler
                0x08001bd4                DMA2_Stream6_IRQHandler
                0x08001bd4                DMA1_Stream3_IRQHandler
 *fill*         0x08001bd6        0x2 
 .text.__libc_init_array
                0x08001bd8       0x48 C:/ST/STM32CubeIDE_1.17.0/STM32CubeIDE/plugins/com.st.stm32cube.ide.mcu.externaltools.gnu-tools-for-stm32.12.3.rel1.win32_1.1.0.202410251130/tools/bin/../lib/gcc/arm-none-eabi/12.3.1/../../../../arm-none-eabi/lib/thumb/v7e-m+fp/hard\libc_nano.a(libc_a-init.o)
                0x08001bd8                __libc_init_array
 .text.fmax     0x08001c20       0x54 C:/ST/STM32CubeIDE_1.17.0/STM32CubeIDE/plugins/com.st.stm32cube.ide.mcu.externaltools.gnu-tools-for-stm32.12.3.rel1.win32_1.1.0.202410251130/tools/bin/../lib/gcc/arm-none-eabi/12.3.1/../../../../arm-none-eabi/lib/thumb/v7e-m+fp/hard\libm.a(libm_a-s_fmax.o)
                0x08001c20                fmax
 .text.fmin     0x08001c74       0x54 C:/ST/STM32CubeIDE_1.17.0/STM32CubeIDE/plugins/com.st.stm32cube.ide.mcu.externaltools.gnu-tools-for-stm32.12.3.rel1.win32_1.1.0.202410251130/tools/bin/../lib/gcc/arm-none-eabi/12.3.1/../../../../arm-none-eabi/lib/thumb/v7e-m+fp/hard\libm.a(libm_a-s_fmin.o)
                0x08001c74                fmin
 .text.__fpclassifyd
                0x08001cc8       0x54 C:/ST/STM32CubeIDE_1.17.0/STM32CubeIDE/plugins/com.st.stm32cube.ide.mcu.externaltools.gnu-tools-for-stm32.12.3.rel1.win32_1.1.0.202410251130/tools/bin/../lib/gcc/arm-none-eabi/12.3.1/../../../../arm-none-eabi/lib/thumb/v7e-m+fp/hard\libm.a(libm_a-s_fpclassify.o)
                0x08001cc8                __fpclassifyd
 *(.glue_7)
 .glue_7        0x08001d1c        0x0 linker stubs
 *(.glue_7t)
 .glue_7t       0x08001d1c        0x0 linker stubs
 *(.eh_frame)
 .eh_frame      0x08001d1c        0x0 C:/ST/STM32CubeIDE_1.17.0/STM32CubeIDE/plugins/com.st.stm32cube.ide.mcu.externaltools.gnu-tools-for-stm32.12.3.rel1.win32_1.1.0.202410251130/tools/bin/../lib/gcc/arm-none-eabi/12.3.1/thumb/v7e-m+fp/hard/crtbegin.o
 *(.init)
 .init          0x08001d1c        0x4 C:/ST/STM32CubeIDE_1.17.0/STM32CubeIDE/plugins/com.st.stm32cube.ide.mcu.externaltools.gnu-tools-for-stm32.12.3.rel1.win32_1.1.0.202410251130/tools/bin/../lib/gcc/arm-none-eabi/12.3.1/thumb/v7e-m+fp/hard/crti.o
                0x08001d1c                _init
 .init          0x08001d20        0x8 C:/ST/STM32CubeIDE_1.17.0/STM32CubeIDE/plugins/com.st.stm32cube.ide.mcu.externaltools.gnu-tools-for-stm32.12.3.rel1.win32_1.1.0.202410251130/tools/bin/../lib/gcc/arm-none-eabi/12.3.1/thumb/v7e-m+fp/hard/crtn.o
 *(.fini)
 .fini          0x08001d28        0x4 C:/ST/STM32CubeIDE_1.17.0/STM32CubeIDE/plugins/com.st.stm32cube.ide.mcu.externaltools.gnu-tools-for-stm32.12.3.rel1.win32_1.1.0.202410251130/tools/bin/../lib/gcc/arm-none-eabi/12.3.1/thumb/v7e-m+fp/hard/crti.o
                0x08001d28                _fini
 .fini          0x08001d2c        0x8 C:/ST/STM32CubeIDE_1.17.0/STM32CubeIDE/plugins/com.st.stm32cube.ide.mcu.externaltools.gnu-tools-for-stm32.12.3.rel1.win32_1.1.0.202410251130/tools/bin/../lib/gcc/arm-none-eabi/12.3.1/thumb/v7e-m+fp/hard/crtn.o
                0x08001d34                        . = ALIGN (0x4)
                0x08001d34                        _etext = .

.vfp11_veneer   0x08001d34        0x0
 .vfp11_veneer  0x08001d34        0x0 linker stubs

.v4_bx          0x08001d34        0x0
 .v4_bx         0x08001d34        0x0 linker stubs

.iplt           0x08001d34        0x0
 .iplt          0x08001d34        0x0 C:/ST/STM32CubeIDE_1.17.0/STM32CubeIDE/plugins/com.st.stm32cube.ide.mcu.externaltools.gnu-tools-for-stm32.12.3.rel1.win32_1.1.0.202410251130/tools/bin/../lib/gcc/arm-none-eabi/12.3.1/thumb/v7e-m+fp/hard/crtbegin.o

.rodata         0x08001d34        0x0
                0x08001d34                        . = ALIGN (0x4)
 *(.rodata)
 *(.rodata*)
                0x08001d34                        . = ALIGN (0x4)

.ARM.extab      0x08001d34        0x0
                0x08001d34                        . = ALIGN (0x4)
 *(.ARM.extab* .gnu.linkonce.armextab.*)
                0x08001d34                        . = ALIGN (0x4)

.ARM            0x08001d34        0x0
                0x08001d34                        . = ALIGN (0x4)
                0x08001d34                        __exidx_start = .
 *(.ARM.exidx*)
                0x08001d34                        __exidx_end = .
                0x08001d34                        . = ALIGN (0x4)

.preinit_array  0x08001d34        0x0
                0x08001d34                        . = ALIGN (0x4)
                0x08001d34                        PROVIDE (__preinit_array_start = .)
 *(.preinit_array*)
                0x08001d34                        PROVIDE (__preinit_array_end = .)
                0x08001d34                        . = ALIGN (0x4)

.init_array     0x08001d34        0x4
                0x08001d34                        . = ALIGN (0x4)
                0x08001d34                        PROVIDE (__init_array_start = .)
 *(SORT_BY_NAME(.init_array.*))
 *(.init_array*)
 .init_array    0x08001d34        0x4 C:/ST/STM32CubeIDE_1.17.0/STM32CubeIDE/plugins/com.st.stm32cube.ide.mcu.externaltools.gnu-tools-for-stm32.12.3.rel1.win32_1.1.0.202410251130/tools/bin/../lib/gcc/arm-none-eabi/12.3.1/thumb/v7e-m+fp/hard/crtbegin.o
                0x08001d38                        PROVIDE (__init_array_end = .)
                0x08001d38                        . = ALIGN (0x4)

.fini_array     0x08001d38        0x4
                0x08001d38                        . = ALIGN (0x4)
                [!provide]                        PROVIDE (__fini_array_start = .)
 *(SORT_BY_NAME(.fini_array.*))
 *(.fini_array*)
 .fini_array    0x08001d38        0x4 C:/ST/STM32CubeIDE_1.17.0/STM32CubeIDE/plugins/com.st.stm32cube.ide.mcu.externaltools.gnu-tools-for-stm32.12.3.rel1.win32_1.1.0.202410251130/tools/bin/../lib/gcc/arm-none-eabi/12.3.1/thumb/v7e-m+fp/hard/crtbegin.o
                [!provide]                        PROVIDE (__fini_array_end = .)
                0x08001d3c                        . = ALIGN (0x4)
                0x08001d3c                        _sidata = LOADADDR (.data)

.rel.dyn        0x08001d3c        0x0
 .rel.iplt      0x08001d3c        0x0 C:/ST/STM32CubeIDE_1.17.0/STM32CubeIDE/plugins/com.st.stm32cube.ide.mcu.externaltools.gnu-tools-for-stm32.12.3.rel1.win32_1.1.0.202410251130/tools/bin/../lib/gcc/arm-none-eabi/12.3.1/thumb/v7e-m+fp/hard/crtbegin.o

.data           0x20000000       0x84 load address 0x08001d3c
                0x20000000                        . = ALIGN (0x4)
                0x20000000                        _sdata = .
 *(.data)
 *(.data*)
 .data.sine_array.0
                0x20000000       0x82 ./Core/Src/main.o
 *(.RamFunc)
 *(.RamFunc*)
                0x20000084                        . = ALIGN (0x4)
 *fill*         0x20000082        0x2 
                0x20000084                        _edata = .
                0x08001dc0                        _siccmram = LOADADDR (.ccmram)

.igot.plt       0x20000084        0x0 load address 0x08001dc0
 .igot.plt      0x20000084        0x0 C:/ST/STM32CubeIDE_1.17.0/STM32CubeIDE/plugins/com.st.stm32cube.ide.mcu.externaltools.gnu-tools-for-stm32.12.3.rel1.win32_1.1.0.202410251130/tools/bin/../lib/gcc/arm-none-eabi/12.3.1/thumb/v7e-m+fp/hard/crtbegin.o

.ccmram         0x10000000        0x0 load address 0x08001dc0
                0x10000000                        . = ALIGN (0x4)
                0x10000000                        _sccmram = .
 *(.ccmram)
 *(.ccmram*)
                0x10000000                        . = ALIGN (0x4)
                0x10000000                        _eccmram = .
                0x10000000                        . = ALIGN (0x4)

.bss            0x20000084       0x20
                0x20000084                        _sbss = .
                0x20000084                        __bss_start__ = _sbss
 *(.bss)
 .bss           0x20000084       0x1c C:/ST/STM32CubeIDE_1.17.0/STM32CubeIDE/plugins/com.st.stm32cube.ide.mcu.externaltools.gnu-tools-for-stm32.12.3.rel1.win32_1.1.0.202410251130/tools/bin/../lib/gcc/arm-none-eabi/12.3.1/thumb/v7e-m+fp/hard/crtbegin.o
 *(.bss*)
 .bss._tim_msec_
                0x200000a0        0x4 ./Peripherals/Src/tim.o
 *(COMMON)
                0x200000a4                        . = ALIGN (0x4)
                0x200000a4                        _ebss = .
                0x200000a4                        __bss_end__ = _ebss

._user_heap_stack
                0x200000a4      0x604
                0x200000a8                        . = ALIGN (0x8)
 *fill*         0x200000a4        0x4 
                [!provide]                        PROVIDE (end = .)
                0x200000a8                        PROVIDE (_end = .)
                0x200002a8                        . = (. + _Min_Heap_Size)
 *fill*         0x200000a8      0x200 
                0x200006a8                        . = (. + _Min_Stack_Size)
 *fill*         0x200002a8      0x400 
                0x200006a8                        . = ALIGN (0x8)

/DISCARD/
 libc.a(*)
 libm.a(*)
 libgcc.a(*)

.ARM.attributes
                0x00000000       0x30
 *(.ARM.attributes)
 .ARM.attributes
                0x00000000       0x22 C:/ST/STM32CubeIDE_1.17.0/STM32CubeIDE/plugins/com.st.stm32cube.ide.mcu.externaltools.gnu-tools-for-stm32.12.3.rel1.win32_1.1.0.202410251130/tools/bin/../lib/gcc/arm-none-eabi/12.3.1/thumb/v7e-m+fp/hard/crti.o
 .ARM.attributes
                0x00000022       0x34 C:/ST/STM32CubeIDE_1.17.0/STM32CubeIDE/plugins/com.st.stm32cube.ide.mcu.externaltools.gnu-tools-for-stm32.12.3.rel1.win32_1.1.0.202410251130/tools/bin/../lib/gcc/arm-none-eabi/12.3.1/thumb/v7e-m+fp/hard/crtbegin.o
 .ARM.attributes
                0x00000056       0x34 ./Core/Src/main.o
 .ARM.attributes
                0x0000008a       0x34 ./Core/Src/system_stm32f4xx.o
 .ARM.attributes
                0x000000be       0x34 ./Peripherals/Src/rcc.o
 .ARM.attributes
                0x000000f2       0x34 ./Peripherals/Src/tim.o
 .ARM.attributes
                0x00000126       0x34 ./SimpleFOC/Driver/Src/BLDCDriver.o
 .ARM.attributes
                0x0000015a       0x34 ./SimpleFOC/Motor/Src/BLDCMotor.o
 .ARM.attributes
                0x0000018e       0x21 ./Startup/startup_stm32f407xx.o
 .ARM.attributes
                0x000001af       0x34 C:/ST/STM32CubeIDE_1.17.0/STM32CubeIDE/plugins/com.st.stm32cube.ide.mcu.externaltools.gnu-tools-for-stm32.12.3.rel1.win32_1.1.0.202410251130/tools/bin/../lib/gcc/arm-none-eabi/12.3.1/../../../../arm-none-eabi/lib/thumb/v7e-m+fp/hard\libc_nano.a(libc_a-init.o)
 .ARM.attributes
                0x000001e3       0x34 C:/ST/STM32CubeIDE_1.17.0/STM32CubeIDE/plugins/com.st.stm32cube.ide.mcu.externaltools.gnu-tools-for-stm32.12.3.rel1.win32_1.1.0.202410251130/tools/bin/../lib/gcc/arm-none-eabi/12.3.1/../../../../arm-none-eabi/lib/thumb/v7e-m+fp/hard\libm.a(libm_a-s_fmax.o)
 .ARM.attributes
                0x00000217       0x34 C:/ST/STM32CubeIDE_1.17.0/STM32CubeIDE/plugins/com.st.stm32cube.ide.mcu.externaltools.gnu-tools-for-stm32.12.3.rel1.win32_1.1.0.202410251130/tools/bin/../lib/gcc/arm-none-eabi/12.3.1/../../../../arm-none-eabi/lib/thumb/v7e-m+fp/hard\libm.a(libm_a-s_fmin.o)
 .ARM.attributes
                0x0000024b       0x34 C:/ST/STM32CubeIDE_1.17.0/STM32CubeIDE/plugins/com.st.stm32cube.ide.mcu.externaltools.gnu-tools-for-stm32.12.3.rel1.win32_1.1.0.202410251130/tools/bin/../lib/gcc/arm-none-eabi/12.3.1/../../../../arm-none-eabi/lib/thumb/v7e-m+fp/hard\libm.a(libm_a-s_fpclassify.o)
 .ARM.attributes
                0x0000027f       0x22 C:/ST/STM32CubeIDE_1.17.0/STM32CubeIDE/plugins/com.st.stm32cube.ide.mcu.externaltools.gnu-tools-for-stm32.12.3.rel1.win32_1.1.0.202410251130/tools/bin/../lib/gcc/arm-none-eabi/12.3.1/thumb/v7e-m+fp/hard\libgcc.a(_arm_addsubdf3.o)
 .ARM.attributes
                0x000002a1       0x22 C:/ST/STM32CubeIDE_1.17.0/STM32CubeIDE/plugins/com.st.stm32cube.ide.mcu.externaltools.gnu-tools-for-stm32.12.3.rel1.win32_1.1.0.202410251130/tools/bin/../lib/gcc/arm-none-eabi/12.3.1/thumb/v7e-m+fp/hard\libgcc.a(_arm_muldivdf3.o)
 .ARM.attributes
                0x000002c3       0x22 C:/ST/STM32CubeIDE_1.17.0/STM32CubeIDE/plugins/com.st.stm32cube.ide.mcu.externaltools.gnu-tools-for-stm32.12.3.rel1.win32_1.1.0.202410251130/tools/bin/../lib/gcc/arm-none-eabi/12.3.1/thumb/v7e-m+fp/hard\libgcc.a(_arm_cmpdf2.o)
 .ARM.attributes
                0x000002e5       0x22 C:/ST/STM32CubeIDE_1.17.0/STM32CubeIDE/plugins/com.st.stm32cube.ide.mcu.externaltools.gnu-tools-for-stm32.12.3.rel1.win32_1.1.0.202410251130/tools/bin/../lib/gcc/arm-none-eabi/12.3.1/thumb/v7e-m+fp/hard\libgcc.a(_arm_truncdfsf2.o)
 .ARM.attributes
                0x00000307       0x22 C:/ST/STM32CubeIDE_1.17.0/STM32CubeIDE/plugins/com.st.stm32cube.ide.mcu.externaltools.gnu-tools-for-stm32.12.3.rel1.win32_1.1.0.202410251130/tools/bin/../lib/gcc/arm-none-eabi/12.3.1/thumb/v7e-m+fp/hard/crtn.o
OUTPUT(SingleMotorOpenLoop.elf elf32-littlearm)
LOAD linker stubs
LOAD C:/ST/STM32CubeIDE_1.17.0/STM32CubeIDE/plugins/com.st.stm32cube.ide.mcu.externaltools.gnu-tools-for-stm32.12.3.rel1.win32_1.1.0.202410251130/tools/bin/../lib/gcc/arm-none-eabi/12.3.1/../../../../arm-none-eabi/lib/thumb/v7e-m+fp/hard\libc.a
LOAD C:/ST/STM32CubeIDE_1.17.0/STM32CubeIDE/plugins/com.st.stm32cube.ide.mcu.externaltools.gnu-tools-for-stm32.12.3.rel1.win32_1.1.0.202410251130/tools/bin/../lib/gcc/arm-none-eabi/12.3.1/../../../../arm-none-eabi/lib/thumb/v7e-m+fp/hard\libm.a
LOAD C:/ST/STM32CubeIDE_1.17.0/STM32CubeIDE/plugins/com.st.stm32cube.ide.mcu.externaltools.gnu-tools-for-stm32.12.3.rel1.win32_1.1.0.202410251130/tools/bin/../lib/gcc/arm-none-eabi/12.3.1/thumb/v7e-m+fp/hard\libgcc.a

.debug_info     0x00000000     0x29ba
 .debug_info    0x00000000      0x543 ./Core/Src/main.o
 .debug_info    0x00000543      0x50b ./Core/Src/system_stm32f4xx.o
 .debug_info    0x00000a4e      0xa58 ./Peripherals/Src/rcc.o
 .debug_info    0x000014a6      0xa2a ./Peripherals/Src/tim.o
 .debug_info    0x00001ed0      0x426 ./SimpleFOC/Driver/Src/BLDCDriver.o
 .debug_info    0x000022f6      0x694 ./SimpleFOC/Motor/Src/BLDCMotor.o
 .debug_info    0x0000298a       0x30 ./Startup/startup_stm32f407xx.o

.debug_abbrev   0x00000000      0xa89
 .debug_abbrev  0x00000000      0x175 ./Core/Src/main.o
 .debug_abbrev  0x00000175      0x11a ./Core/Src/system_stm32f4xx.o
 .debug_abbrev  0x0000028f      0x23a ./Peripherals/Src/rcc.o
 .debug_abbrev  0x000004c9      0x250 ./Peripherals/Src/tim.o
 .debug_abbrev  0x00000719      0x19b ./SimpleFOC/Driver/Src/BLDCDriver.o
 .debug_abbrev  0x000008b4      0x1b1 ./SimpleFOC/Motor/Src/BLDCMotor.o
 .debug_abbrev  0x00000a65       0x24 ./Startup/startup_stm32f407xx.o

.debug_aranges  0x00000000      0x218
 .debug_aranges
                0x00000000       0x40 ./Core/Src/main.o
 .debug_aranges
                0x00000040       0x28 ./Core/Src/system_stm32f4xx.o
 .debug_aranges
                0x00000068       0x60 ./Peripherals/Src/rcc.o
 .debug_aranges
                0x000000c8       0x78 ./Peripherals/Src/tim.o
 .debug_aranges
                0x00000140       0x50 ./SimpleFOC/Driver/Src/BLDCDriver.o
 .debug_aranges
                0x00000190       0x60 ./SimpleFOC/Motor/Src/BLDCMotor.o
 .debug_aranges
                0x000001f0       0x28 ./Startup/startup_stm32f407xx.o

.debug_rnglists
                0x00000000      0x17d
 .debug_rnglists
                0x00000000       0x2c ./Core/Src/main.o
 .debug_rnglists
                0x0000002c       0x1a ./Core/Src/system_stm32f4xx.o
 .debug_rnglists
                0x00000046       0x45 ./Peripherals/Src/rcc.o
 .debug_rnglists
                0x0000008b       0x57 ./Peripherals/Src/tim.o
 .debug_rnglists
                0x000000e2       0x3a ./SimpleFOC/Driver/Src/BLDCDriver.o
 .debug_rnglists
                0x0000011c       0x48 ./SimpleFOC/Motor/Src/BLDCMotor.o
 .debug_rnglists
                0x00000164       0x19 ./Startup/startup_stm32f407xx.o

.debug_macro    0x00000000    0x1987d
 .debug_macro   0x00000000      0x1f3 ./Core/Src/main.o
 .debug_macro   0x000001f3      0xaae ./Core/Src/main.o
 .debug_macro   0x00000ca1       0x2f ./Core/Src/main.o
 .debug_macro   0x00000cd0       0x22 ./Core/Src/main.o
 .debug_macro   0x00000cf2       0x8e ./Core/Src/main.o
 .debug_macro   0x00000d80       0x51 ./Core/Src/main.o
 .debug_macro   0x00000dd1      0x103 ./Core/Src/main.o
 .debug_macro   0x00000ed4       0x6a ./Core/Src/main.o
 .debug_macro   0x00000f3e      0x1df ./Core/Src/main.o
 .debug_macro   0x0000111d       0x1c ./Core/Src/main.o
 .debug_macro   0x00001139       0x22 ./Core/Src/main.o
 .debug_macro   0x0000115b       0xfb ./Core/Src/main.o
 .debug_macro   0x00001256     0x1011 ./Core/Src/main.o
 .debug_macro   0x00002267      0x11f ./Core/Src/main.o
 .debug_macro   0x00002386    0x15e97 ./Core/Src/main.o
 .debug_macro   0x0001821d       0x22 ./Core/Src/main.o
 .debug_macro   0x0001823f       0x61 ./Core/Src/main.o
 .debug_macro   0x000182a0       0x2a ./Core/Src/main.o
 .debug_macro   0x000182ca       0x43 ./Core/Src/main.o
 .debug_macro   0x0001830d       0x34 ./Core/Src/main.o
 .debug_macro   0x00018341       0x16 ./Core/Src/main.o
 .debug_macro   0x00018357       0x9e ./Core/Src/main.o
 .debug_macro   0x000183f5      0x369 ./Core/Src/main.o
 .debug_macro   0x0001875e      0x10b ./Core/Src/main.o
 .debug_macro   0x00018869       0x10 ./Core/Src/main.o
 .debug_macro   0x00018879       0x16 ./Core/Src/main.o
 .debug_macro   0x0001888f       0x43 ./Core/Src/main.o
 .debug_macro   0x000188d2       0x34 ./Core/Src/main.o
 .debug_macro   0x00018906       0x10 ./Core/Src/main.o
 .debug_macro   0x00018916       0x58 ./Core/Src/main.o
 .debug_macro   0x0001896e       0x8e ./Core/Src/main.o
 .debug_macro   0x000189fc       0x1c ./Core/Src/main.o
 .debug_macro   0x00018a18      0x177 ./Core/Src/main.o
 .debug_macro   0x00018b8f       0x16 ./Core/Src/main.o
 .debug_macro   0x00018ba5       0x16 ./Core/Src/main.o
 .debug_macro   0x00018bbb      0x146 ./Core/Src/main.o
 .debug_macro   0x00018d01      0x19b ./Core/Src/main.o
 .debug_macro   0x00018e9c       0xa0 ./Core/Src/main.o
 .debug_macro   0x00018f3c       0xda ./Core/Src/system_stm32f4xx.o
 .debug_macro   0x00019016       0x2e ./Core/Src/system_stm32f4xx.o
 .debug_macro   0x00019044       0x6d ./Core/Src/system_stm32f4xx.o
 .debug_macro   0x000190b1      0x1f3 ./Peripherals/Src/rcc.o
 .debug_macro   0x000192a4      0x1f3 ./Peripherals/Src/tim.o
 .debug_macro   0x00019497      0x1f3 ./SimpleFOC/Driver/Src/BLDCDriver.o
 .debug_macro   0x0001968a      0x1f3 ./SimpleFOC/Motor/Src/BLDCMotor.o

.debug_line     0x00000000     0x3a0b
 .debug_line    0x00000000      0x8ff ./Core/Src/main.o
 .debug_line    0x000008ff      0x5b0 ./Core/Src/system_stm32f4xx.o
 .debug_line    0x00000eaf      0xa26 ./Peripherals/Src/rcc.o
 .debug_line    0x000018d5      0xac1 ./Peripherals/Src/tim.o
 .debug_line    0x00002396      0xa35 ./SimpleFOC/Driver/Src/BLDCDriver.o
 .debug_line    0x00002dcb      0xbc6 ./SimpleFOC/Motor/Src/BLDCMotor.o
 .debug_line    0x00003991       0x7a ./Startup/startup_stm32f407xx.o

.debug_str      0x00000000    0x8d391
 .debug_str     0x00000000    0x8c2bd ./Core/Src/main.o
                              0x8c4e9 (size before relaxing)
 .debug_str     0x0008c2bd      0x93a ./Core/Src/system_stm32f4xx.o
                              0x88585 (size before relaxing)
 .debug_str     0x0008cbf7      0x57f ./Peripherals/Src/rcc.o
                              0x8c9ce (size before relaxing)
 .debug_str     0x0008d176       0xf8 ./Peripherals/Src/tim.o
                              0x8c9ec (size before relaxing)
 .debug_str     0x0008d26e       0x57 ./SimpleFOC/Driver/Src/BLDCDriver.o
                              0x8c375 (size before relaxing)
 .debug_str     0x0008d2c5       0x8f ./SimpleFOC/Motor/Src/BLDCMotor.o
                              0x8c4fc (size before relaxing)
 .debug_str     0x0008d354       0x3d ./Startup/startup_stm32f407xx.o
                                 0x78 (size before relaxing)

.comment        0x00000000       0x43
 .comment       0x00000000       0x43 ./Core/Src/main.o
                                 0x44 (size before relaxing)
 .comment       0x00000043       0x44 ./Core/Src/system_stm32f4xx.o
 .comment       0x00000043       0x44 ./Peripherals/Src/rcc.o
 .comment       0x00000043       0x44 ./Peripherals/Src/tim.o
 .comment       0x00000043       0x44 ./SimpleFOC/Driver/Src/BLDCDriver.o
 .comment       0x00000043       0x44 ./SimpleFOC/Motor/Src/BLDCMotor.o

.debug_frame    0x00000000      0x974
 .debug_frame   0x00000000       0xc8 ./Core/Src/main.o
 .debug_frame   0x000000c8       0x58 ./Core/Src/system_stm32f4xx.o
 .debug_frame   0x00000120      0x150 ./Peripherals/Src/rcc.o
 .debug_frame   0x00000270      0x1b0 ./Peripherals/Src/tim.o
 .debug_frame   0x00000420      0x11c ./SimpleFOC/Driver/Src/BLDCDriver.o
 .debug_frame   0x0000053c      0x178 ./SimpleFOC/Motor/Src/BLDCMotor.o
 .debug_frame   0x000006b4       0x2c C:/ST/STM32CubeIDE_1.17.0/STM32CubeIDE/plugins/com.st.stm32cube.ide.mcu.externaltools.gnu-tools-for-stm32.12.3.rel1.win32_1.1.0.202410251130/tools/bin/../lib/gcc/arm-none-eabi/12.3.1/../../../../arm-none-eabi/lib/thumb/v7e-m+fp/hard\libc_nano.a(libc_a-init.o)
 .debug_frame   0x000006e0       0x44 C:/ST/STM32CubeIDE_1.17.0/STM32CubeIDE/plugins/com.st.stm32cube.ide.mcu.externaltools.gnu-tools-for-stm32.12.3.rel1.win32_1.1.0.202410251130/tools/bin/../lib/gcc/arm-none-eabi/12.3.1/../../../../arm-none-eabi/lib/thumb/v7e-m+fp/hard\libm.a(libm_a-s_fmax.o)
 .debug_frame   0x00000724       0x44 C:/ST/STM32CubeIDE_1.17.0/STM32CubeIDE/plugins/com.st.stm32cube.ide.mcu.externaltools.gnu-tools-for-stm32.12.3.rel1.win32_1.1.0.202410251130/tools/bin/../lib/gcc/arm-none-eabi/12.3.1/../../../../arm-none-eabi/lib/thumb/v7e-m+fp/hard\libm.a(libm_a-s_fmin.o)
 .debug_frame   0x00000768       0x28 C:/ST/STM32CubeIDE_1.17.0/STM32CubeIDE/plugins/com.st.stm32cube.ide.mcu.externaltools.gnu-tools-for-stm32.12.3.rel1.win32_1.1.0.202410251130/tools/bin/../lib/gcc/arm-none-eabi/12.3.1/../../../../arm-none-eabi/lib/thumb/v7e-m+fp/hard\libm.a(libm_a-s_fpclassify.o)
 .debug_frame   0x00000790       0xac C:/ST/STM32CubeIDE_1.17.0/STM32CubeIDE/plugins/com.st.stm32cube.ide.mcu.externaltools.gnu-tools-for-stm32.12.3.rel1.win32_1.1.0.202410251130/tools/bin/../lib/gcc/arm-none-eabi/12.3.1/thumb/v7e-m+fp/hard\libgcc.a(_arm_addsubdf3.o)
 .debug_frame   0x0000083c       0x50 C:/ST/STM32CubeIDE_1.17.0/STM32CubeIDE/plugins/com.st.stm32cube.ide.mcu.externaltools.gnu-tools-for-stm32.12.3.rel1.win32_1.1.0.202410251130/tools/bin/../lib/gcc/arm-none-eabi/12.3.1/thumb/v7e-m+fp/hard\libgcc.a(_arm_muldivdf3.o)
 .debug_frame   0x0000088c       0xc4 C:/ST/STM32CubeIDE_1.17.0/STM32CubeIDE/plugins/com.st.stm32cube.ide.mcu.externaltools.gnu-tools-for-stm32.12.3.rel1.win32_1.1.0.202410251130/tools/bin/../lib/gcc/arm-none-eabi/12.3.1/thumb/v7e-m+fp/hard\libgcc.a(_arm_cmpdf2.o)
 .debug_frame   0x00000950       0x24 C:/ST/STM32CubeIDE_1.17.0/STM32CubeIDE/plugins/com.st.stm32cube.ide.mcu.externaltools.gnu-tools-for-stm32.12.3.rel1.win32_1.1.0.202410251130/tools/bin/../lib/gcc/arm-none-eabi/12.3.1/thumb/v7e-m+fp/hard\libgcc.a(_arm_truncdfsf2.o)

.debug_line_str
                0x00000000       0x5c
 .debug_line_str
                0x00000000       0x5c ./Startup/startup_stm32f407xx.o
