Archive member included to satisfy reference by file (symbol)

C:/ST/STM32CubeIDE_1.17.0/STM32CubeIDE/plugins/com.st.stm32cube.ide.mcu.externaltools.gnu-tools-for-stm32.12.3.rel1.win32_1.1.0.202410251130/tools/bin/../lib/gcc/arm-none-eabi/12.3.1/../../../../arm-none-eabi/lib/thumb/v7e-m+fp/hard\libc_nano.a(libc_a-exit.o)
                              C:/ST/STM32CubeIDE_1.17.0/STM32CubeIDE/plugins/com.st.stm32cube.ide.mcu.externaltools.gnu-tools-for-stm32.12.3.rel1.win32_1.1.0.202410251130/tools/bin/../lib/gcc/arm-none-eabi/12.3.1/../../../../arm-none-eabi/lib/thumb/v7e-m+fp/hard/crt0.o (exit)
C:/ST/STM32CubeIDE_1.17.0/STM32CubeIDE/plugins/com.st.stm32cube.ide.mcu.externaltools.gnu-tools-for-stm32.12.3.rel1.win32_1.1.0.202410251130/tools/bin/../lib/gcc/arm-none-eabi/12.3.1/../../../../arm-none-eabi/lib/thumb/v7e-m+fp/hard\libc_nano.a(libc_a-findfp.o)
                              C:/ST/STM32CubeIDE_1.17.0/STM32CubeIDE/plugins/com.st.stm32cube.ide.mcu.externaltools.gnu-tools-for-stm32.12.3.rel1.win32_1.1.0.202410251130/tools/bin/../lib/gcc/arm-none-eabi/12.3.1/../../../../arm-none-eabi/lib/thumb/v7e-m+fp/hard\libc_nano.a(libc_a-exit.o) (__stdio_exit_handler)
C:/ST/STM32CubeIDE_1.17.0/STM32CubeIDE/plugins/com.st.stm32cube.ide.mcu.externaltools.gnu-tools-for-stm32.12.3.rel1.win32_1.1.0.202410251130/tools/bin/../lib/gcc/arm-none-eabi/12.3.1/../../../../arm-none-eabi/lib/thumb/v7e-m+fp/hard\libc_nano.a(libc_a-fwalk.o)
                              C:/ST/STM32CubeIDE_1.17.0/STM32CubeIDE/plugins/com.st.stm32cube.ide.mcu.externaltools.gnu-tools-for-stm32.12.3.rel1.win32_1.1.0.202410251130/tools/bin/../lib/gcc/arm-none-eabi/12.3.1/../../../../arm-none-eabi/lib/thumb/v7e-m+fp/hard\libc_nano.a(libc_a-findfp.o) (_fwalk_sglue)
C:/ST/STM32CubeIDE_1.17.0/STM32CubeIDE/plugins/com.st.stm32cube.ide.mcu.externaltools.gnu-tools-for-stm32.12.3.rel1.win32_1.1.0.202410251130/tools/bin/../lib/gcc/arm-none-eabi/12.3.1/../../../../arm-none-eabi/lib/thumb/v7e-m+fp/hard\libc_nano.a(libc_a-stdio.o)
                              C:/ST/STM32CubeIDE_1.17.0/STM32CubeIDE/plugins/com.st.stm32cube.ide.mcu.externaltools.gnu-tools-for-stm32.12.3.rel1.win32_1.1.0.202410251130/tools/bin/../lib/gcc/arm-none-eabi/12.3.1/../../../../arm-none-eabi/lib/thumb/v7e-m+fp/hard\libc_nano.a(libc_a-findfp.o) (__sread)
C:/ST/STM32CubeIDE_1.17.0/STM32CubeIDE/plugins/com.st.stm32cube.ide.mcu.externaltools.gnu-tools-for-stm32.12.3.rel1.win32_1.1.0.202410251130/tools/bin/../lib/gcc/arm-none-eabi/12.3.1/../../../../arm-none-eabi/lib/thumb/v7e-m+fp/hard\libc_nano.a(libc_a-memset.o)
                              C:/ST/STM32CubeIDE_1.17.0/STM32CubeIDE/plugins/com.st.stm32cube.ide.mcu.externaltools.gnu-tools-for-stm32.12.3.rel1.win32_1.1.0.202410251130/tools/bin/../lib/gcc/arm-none-eabi/12.3.1/../../../../arm-none-eabi/lib/thumb/v7e-m+fp/hard/crt0.o (memset)
C:/ST/STM32CubeIDE_1.17.0/STM32CubeIDE/plugins/com.st.stm32cube.ide.mcu.externaltools.gnu-tools-for-stm32.12.3.rel1.win32_1.1.0.202410251130/tools/bin/../lib/gcc/arm-none-eabi/12.3.1/../../../../arm-none-eabi/lib/thumb/v7e-m+fp/hard\libc_nano.a(libc_a-closer.o)
                              C:/ST/STM32CubeIDE_1.17.0/STM32CubeIDE/plugins/com.st.stm32cube.ide.mcu.externaltools.gnu-tools-for-stm32.12.3.rel1.win32_1.1.0.202410251130/tools/bin/../lib/gcc/arm-none-eabi/12.3.1/../../../../arm-none-eabi/lib/thumb/v7e-m+fp/hard\libc_nano.a(libc_a-stdio.o) (_close_r)
C:/ST/STM32CubeIDE_1.17.0/STM32CubeIDE/plugins/com.st.stm32cube.ide.mcu.externaltools.gnu-tools-for-stm32.12.3.rel1.win32_1.1.0.202410251130/tools/bin/../lib/gcc/arm-none-eabi/12.3.1/../../../../arm-none-eabi/lib/thumb/v7e-m+fp/hard\libc_nano.a(libc_a-reent.o)
                              C:/ST/STM32CubeIDE_1.17.0/STM32CubeIDE/plugins/com.st.stm32cube.ide.mcu.externaltools.gnu-tools-for-stm32.12.3.rel1.win32_1.1.0.202410251130/tools/bin/../lib/gcc/arm-none-eabi/12.3.1/../../../../arm-none-eabi/lib/thumb/v7e-m+fp/hard\libc_nano.a(libc_a-closer.o) (errno)
C:/ST/STM32CubeIDE_1.17.0/STM32CubeIDE/plugins/com.st.stm32cube.ide.mcu.externaltools.gnu-tools-for-stm32.12.3.rel1.win32_1.1.0.202410251130/tools/bin/../lib/gcc/arm-none-eabi/12.3.1/../../../../arm-none-eabi/lib/thumb/v7e-m+fp/hard\libc_nano.a(libc_a-impure.o)
                              C:/ST/STM32CubeIDE_1.17.0/STM32CubeIDE/plugins/com.st.stm32cube.ide.mcu.externaltools.gnu-tools-for-stm32.12.3.rel1.win32_1.1.0.202410251130/tools/bin/../lib/gcc/arm-none-eabi/12.3.1/../../../../arm-none-eabi/lib/thumb/v7e-m+fp/hard\libc_nano.a(libc_a-reent.o) (_impure_ptr)
C:/ST/STM32CubeIDE_1.17.0/STM32CubeIDE/plugins/com.st.stm32cube.ide.mcu.externaltools.gnu-tools-for-stm32.12.3.rel1.win32_1.1.0.202410251130/tools/bin/../lib/gcc/arm-none-eabi/12.3.1/../../../../arm-none-eabi/lib/thumb/v7e-m+fp/hard\libc_nano.a(libc_a-lseekr.o)
[...]
Memory Configuration

Name             Origin             Length             Attributes
CCMRAM           0x10000000         0x00010000         xrw
RAM              0x20000000         0x00020000         xrw
FLASH            0x08000000         0x00100000         xr
*default*        0x00000000         0xffffffff

Linker script and memory map

LOAD C:/ST/STM32CubeIDE_1.17.0/STM32CubeIDE/plugins/com.st.stm32cube.ide.mcu.externaltools.gnu-tools-for-stm32.12.3.rel1.win32_1.1.0.202410251130/tools/bin/../lib/gcc/arm-none-eabi/12.3.1/thumb/v7e-m+fp/hard/crti.o
LOAD C:/ST/STM32CubeIDE_1.17.0/STM32CubeIDE/plugins/com.st.stm32cube.ide.mcu.externaltools.gnu-tools-for-stm32.12.3.rel1.win32_1.1.0.202410251130/tools/bin/../lib/gcc/arm-none-eabi/12.3.1/thumb/v7e-m+fp/hard/crtbegin.o
LOAD C:/ST/STM32CubeIDE_1.17.0/STM32CubeIDE/plugins/com.st.stm32cube.ide.mcu.externaltools.gnu-tools-for-stm32.12.3.rel1.win32_1.1.0.202410251130/tools/bin/../lib/gcc/arm-none-eabi/12.3.1/../../../../arm-none-eabi/lib/thumb/v7e-m+fp/hard/crt0.o
LOAD ./Core/Src/main.o
LOAD ./Core/Src/syscalls.o
LOAD ./Core/Src/sysmem.o
LOAD ./Core/Src/system_stm32f4xx.o
LOAD ./Peripherals/Src/rcc.o
LOAD ./Startup/startup_stm32f407xx.o
START GROUP
LOAD C:/ST/STM32CubeIDE_1.17.0/STM32CubeIDE/plugins/com.st.stm32cube.ide.mcu.externaltools.gnu-tools-for-stm32.12.3.rel1.win32_1.1.0.202410251130/tools/bin/../lib/gcc/arm-none-eabi/12.3.1/../../../../arm-none-eabi/lib/thumb/v7e-m+fp/hard\libc_nano.a
LOAD C:/ST/STM32CubeIDE_1.17.0/STM32CubeIDE/plugins/com.st.stm32cube.ide.mcu.externaltools.gnu-tools-for-stm32.12.3.rel1.win32_1.1.0.202410251130/tools/bin/../lib/gcc/arm-none-eabi/12.3.1/../../../../arm-none-eabi/lib/thumb/v7e-m+fp/hard\libm.a
END GROUP
START GROUP
LOAD C:/ST/STM32CubeIDE_1.17.0/STM32CubeIDE/plugins/com.st.stm32cube.ide.mcu.externaltools.gnu-tools-for-stm32.12.3.rel1.win32_1.1.0.202410251130/tools/bin/../lib/gcc/arm-none-eabi/12.3.1/thumb/v7e-m+fp/hard\libgcc.a
LOAD C:/ST/STM32CubeIDE_1.17.0/STM32CubeIDE/plugins/com.st.stm32cube.ide.mcu.externaltools.gnu-tools-for-stm32.12.3.rel1.win32_1.1.0.202410251130/tools/bin/../lib/gcc/arm-none-eabi/12.3.1/../../../../arm-none-eabi/lib/thumb/v7e-m+fp/hard\libc_nano.a
END GROUP
START GROUP
LOAD C:/ST/STM32CubeIDE_1.17.0/STM32CubeIDE/plugins/com.st.stm32cube.ide.mcu.externaltools.gnu-tools-for-stm32.12.3.rel1.win32_1.1.0.202410251130/tools/bin/../lib/gcc/arm-none-eabi/12.3.1/thumb/v7e-m+fp/hard\libgcc.a
LOAD C:/ST/STM32CubeIDE_1.17.0/STM32CubeIDE/plugins/com.st.stm32cube.ide.mcu.externaltools.gnu-tools-for-stm32.12.3.rel1.win32_1.1.0.202410251130/tools/bin/../lib/gcc/arm-none-eabi/12.3.1/../../../../arm-none-eabi/lib/thumb/v7e-m+fp/hard\libc_nano.a
LOAD C:/ST/STM32CubeIDE_1.17.0/STM32CubeIDE/plugins/com.st.stm32cube.ide.mcu.externaltools.gnu-tools-for-stm32.12.3.rel1.win32_1.1.0.202410251130/tools/bin/../lib/gcc/arm-none-eabi/12.3.1/../../../../arm-none-eabi/lib/thumb/v7e-m+fp/hard\libnosys.a
END GROUP
START GROUP
LOAD C:/ST/STM32CubeIDE_1.17.0/STM32CubeIDE/plugins/com.st.stm32cube.ide.mcu.externaltools.gnu-tools-for-stm32.12.3.rel1.win32_1.1.0.202410251130/tools/bin/../lib/gcc/arm-none-eabi/12.3.1/thumb/v7e-m+fp/hard\libgcc.a
LOAD C:/ST/STM32CubeIDE_1.17.0/STM32CubeIDE/plugins/com.st.stm32cube.ide.mcu.externaltools.gnu-tools-for-stm32.12.3.rel1.win32_1.1.0.202410251130/tools/bin/../lib/gcc/arm-none-eabi/12.3.1/../../../../arm-none-eabi/lib/thumb/v7e-m+fp/hard\libc_nano.a
LOAD C:/ST/STM32CubeIDE_1.17.0/STM32CubeIDE/plugins/com.st.stm32cube.ide.mcu.externaltools.gnu-tools-for-stm32.12.3.rel1.win32_1.1.0.202410251130/tools/bin/../lib/gcc/arm-none-eabi/12.3.1/../../../../arm-none-eabi/lib/thumb/v7e-m+fp/hard\libnosys.a
END GROUP
LOAD C:/ST/STM32CubeIDE_1.17.0/STM32CubeIDE/plugins/com.st.stm32cube.ide.mcu.externaltools.gnu-tools-for-stm32.12.3.rel1.win32_1.1.0.202410251130/tools/bin/../lib/gcc/arm-none-eabi/12.3.1/thumb/v7e-m+fp/hard/crtend.o
LOAD C:/ST/STM32CubeIDE_1.17.0/STM32CubeIDE/plugins/com.st.stm32cube.ide.mcu.externaltools.gnu-tools-for-stm32.12.3.rel1.win32_1.1.0.202410251130/tools/bin/../lib/gcc/arm-none-eabi/12.3.1/thumb/v7e-m+fp/hard/crtn.o
                0x20020000                        _estack = (ORIGIN (RAM) + LENGTH (RAM))
                0x00000200                        _Min_Heap_Size = 0x200
                0x00000400                        _Min_Stack_Size = 0x400

.isr_vector     0x08000000      0x188
                0x08000000                        . = ALIGN (0x4)
 *(.isr_vector)
 .isr_vector    0x08000000      0x188 ./Startup/startup_stm32f407xx.o
                0x08000000                g_pfnVectors
                0x08000188                        . = ALIGN (0x4)

.text           0x08000188      0x30c
                0x08000188                        . = ALIGN (0x4)
 *(.text)
 .text          0x08000188       0x40 C:/ST/STM32CubeIDE_1.17.0/STM32CubeIDE/plugins/com.st.stm32cube.ide.mcu.externaltools.gnu-tools-for-stm32.12.3.rel1.win32_1.1.0.202410251130/tools/bin/../lib/gcc/arm-none-eabi/12.3.1/thumb/v7e-m+fp/hard/crtbegin.o
 *(.text*)
 .text.main     0x080001c8       0x3c ./Core/Src/main.o
                0x080001c8                main
 .text.SystemInit
                0x08000204       0x24 ./Core/Src/system_stm32f4xx.o
                0x08000204                SystemInit
 .text.__NVIC_ClearPendingIRQ
                0x08000228       0x3c ./Peripherals/Src/rcc.o
 .text.__NVIC_SetPriority
                0x08000264       0x54 ./Peripherals/Src/rcc.o
 .text.rcc_SysClock_Config
                0x080002b8       0xd0 ./Peripherals/Src/rcc.o
                0x080002b8                rcc_SysClock_Config
 .text.rcc_SysTick_Config
                0x08000388       0x38 ./Peripherals/Src/rcc.o
                0x08000388                rcc_SysTick_Config
 .text.SysTick_Handler
                0x080003c0       0x20 ./Peripherals/Src/rcc.o
                0x080003c0                SysTick_Handler
 .text.Reset_Handler
                0x080003e0       0x50 ./Startup/startup_stm32f407xx.o
                0x080003e0                Reset_Handler
 .text.Default_Handler
                0x08000430        0x2 ./Startup/startup_stm32f407xx.o
                0x08000430                RTC_Alarm_IRQHandler
                0x08000430                HASH_RNG_IRQHandler
                0x08000430                EXTI2_IRQHandler
                0x08000430                TIM8_CC_IRQHandler
                0x08000430                DebugMon_Handler
                0x08000430                TIM1_CC_IRQHandler
                0x08000430                DMA2_Stream5_IRQHandler
                0x08000430                HardFault_Handler
                0x08000430                DMA1_Stream5_IRQHandler
                0x08000430                PVD_IRQHandler
                0x08000430                SDIO_IRQHandler
                0x08000430                TAMP_STAMP_IRQHandler
                0x08000430                PendSV_Handler
                0x08000430                NMI_Handler
                0x08000430                CAN2_RX1_IRQHandler
                0x08000430                EXTI3_IRQHandler
                0x08000430                TIM8_TRG_COM_TIM14_IRQHandler
                0x08000430                TIM1_UP_TIM10_IRQHandler
                0x08000430                TIM8_UP_TIM13_IRQHandler
                0x08000430                I2C3_ER_IRQHandler
                0x08000430                EXTI0_IRQHandler
                0x08000430                I2C2_EV_IRQHandler
                0x08000430                DMA1_Stream2_IRQHandler
                0x08000430                CAN1_RX0_IRQHandler
                0x08000430                FPU_IRQHandler
                0x08000430                OTG_HS_WKUP_IRQHandler
                0x08000430                UsageFault_Handler
                0x08000430                CAN2_SCE_IRQHandler
                0x08000430                DMA2_Stream2_IRQHandler
                0x08000430                SPI1_IRQHandler
                0x08000430                TIM6_DAC_IRQHandler
                0x08000430                TIM1_BRK_TIM9_IRQHandler
                0x08000430                DCMI_IRQHandler
                0x08000430                CAN2_RX0_IRQHandler
                0x08000430                DMA2_Stream3_IRQHandler
                0x08000430                USART6_IRQHandler
                0x08000430                USART3_IRQHandler
                0x08000430                CAN1_RX1_IRQHandler
                0x08000430                UART5_IRQHandler
                0x08000430                DMA2_Stream0_IRQHandler
                0x08000430                TIM4_IRQHandler
                0x08000430                I2C1_EV_IRQHandler
                0x08000430                DMA1_Stream6_IRQHandler
                0x08000430                DMA1_Stream1_IRQHandler
                0x08000430                UART4_IRQHandler
                0x08000430                TIM3_IRQHandler
                0x08000430                RCC_IRQHandler
                0x08000430                TIM8_BRK_TIM12_IRQHandler
                0x08000430                Default_Handler
                0x08000430                EXTI15_10_IRQHandler
                0x08000430                ADC_IRQHandler
                0x08000430                DMA1_Stream7_IRQHandler
                0x08000430                TIM7_IRQHandler
                0x08000430                CAN2_TX_IRQHandler
                0x08000430                TIM5_IRQHandler
                0x08000430                DMA2_Stream7_IRQHandler
                0x08000430                I2C3_EV_IRQHandler
                0x08000430                EXTI9_5_IRQHandler
                0x08000430                RTC_WKUP_IRQHandler
                0x08000430                ETH_WKUP_IRQHandler
                0x08000430                SPI2_IRQHandler
                0x08000430                OTG_HS_EP1_IN_IRQHandler
                0x08000430                MemManage_Handler
                0x08000430                DMA1_Stream0_IRQHandler
                0x08000430                CAN1_TX_IRQHandler
                0x08000430                SVC_Handler
                0x08000430                EXTI4_IRQHandler
                0x08000430                FSMC_IRQHandler
                0x08000430                ETH_IRQHandler
                0x08000430                OTG_HS_EP1_OUT_IRQHandler
                0x08000430                WWDG_IRQHandler
                0x08000430                TIM2_IRQHandler
                0x08000430                OTG_FS_WKUP_IRQHandler
                0x08000430                TIM1_TRG_COM_TIM11_IRQHandler
                0x08000430                OTG_HS_IRQHandler
                0x08000430                EXTI1_IRQHandler
                0x08000430                USART2_IRQHandler
                0x08000430                I2C2_ER_IRQHandler
                0x08000430                DMA2_Stream1_IRQHandler
                0x08000430                CAN1_SCE_IRQHandler
                0x08000430                FLASH_IRQHandler
                0x08000430                DMA2_Stream4_IRQHandler
                0x08000430                BusFault_Handler
                0x08000430                USART1_IRQHandler
                0x08000430                OTG_FS_IRQHandler
                0x08000430                SPI3_IRQHandler
                0x08000430                DMA1_Stream4_IRQHandler
                0x08000430                I2C1_ER_IRQHandler
                0x08000430                DMA2_Stream6_IRQHandler
                0x08000430                DMA1_Stream3_IRQHandler
 *fill*         0x08000432        0x2 
 .text.__libc_init_array
                0x08000434       0x48 C:/ST/STM32CubeIDE_1.17.0/STM32CubeIDE/plugins/com.st.stm32cube.ide.mcu.externaltools.gnu-tools-for-stm32.12.3.rel1.win32_1.1.0.202410251130/tools/bin/../lib/gcc/arm-none-eabi/12.3.1/../../../../arm-none-eabi/lib/thumb/v7e-m+fp/hard\libc_nano.a(libc_a-init.o)
                0x08000434                __libc_init_array
 *(.glue_7)
 .glue_7        0x0800047c        0x0 linker stubs
 *(.glue_7t)
 .glue_7t       0x0800047c        0x0 linker stubs
 *(.eh_frame)
 .eh_frame      0x0800047c        0x0 C:/ST/STM32CubeIDE_1.17.0/STM32CubeIDE/plugins/com.st.stm32cube.ide.mcu.externaltools.gnu-tools-for-stm32.12.3.rel1.win32_1.1.0.202410251130/tools/bin/../lib/gcc/arm-none-eabi/12.3.1/thumb/v7e-m+fp/hard/crtbegin.o
 *(.init)
 .init          0x0800047c        0x4 C:/ST/STM32CubeIDE_1.17.0/STM32CubeIDE/plugins/com.st.stm32cube.ide.mcu.externaltools.gnu-tools-for-stm32.12.3.rel1.win32_1.1.0.202410251130/tools/bin/../lib/gcc/arm-none-eabi/12.3.1/thumb/v7e-m+fp/hard/crti.o
                0x0800047c                _init
 .init          0x08000480        0x8 C:/ST/STM32CubeIDE_1.17.0/STM32CubeIDE/plugins/com.st.stm32cube.ide.mcu.externaltools.gnu-tools-for-stm32.12.3.rel1.win32_1.1.0.202410251130/tools/bin/../lib/gcc/arm-none-eabi/12.3.1/thumb/v7e-m+fp/hard/crtn.o
 *(.fini)
 .fini          0x08000488        0x4 C:/ST/STM32CubeIDE_1.17.0/STM32CubeIDE/plugins/com.st.stm32cube.ide.mcu.externaltools.gnu-tools-for-stm32.12.3.rel1.win32_1.1.0.202410251130/tools/bin/../lib/gcc/arm-none-eabi/12.3.1/thumb/v7e-m+fp/hard/crti.o
                0x08000488                _fini
 .fini          0x0800048c        0x8 C:/ST/STM32CubeIDE_1.17.0/STM32CubeIDE/plugins/com.st.stm32cube.ide.mcu.externaltools.gnu-tools-for-stm32.12.3.rel1.win32_1.1.0.202410251130/tools/bin/../lib/gcc/arm-none-eabi/12.3.1/thumb/v7e-m+fp/hard/crtn.o
                0x08000494                        . = ALIGN (0x4)
                0x08000494                        _etext = .

.vfp11_veneer   0x08000494        0x0
 .vfp11_veneer  0x08000494        0x0 linker stubs

.v4_bx          0x08000494        0x0
 .v4_bx         0x08000494        0x0 linker stubs

.iplt           0x08000494        0x0
 .iplt          0x08000494        0x0 C:/ST/STM32CubeIDE_1.17.0/STM32CubeIDE/plugins/com.st.stm32cube.ide.mcu.externaltools.gnu-tools-for-stm32.12.3.rel1.win32_1.1.0.202410251130/tools/bin/../lib/gcc/arm-none-eabi/12.3.1/thumb/v7e-m+fp/hard/crtbegin.o

.rodata         0x08000494        0x0
                0x08000494                        . = ALIGN (0x4)
 *(.rodata)
 *(.rodata*)
                0x08000494                        . = ALIGN (0x4)

.ARM.extab      0x08000494        0x0
                0x08000494                        . = ALIGN (0x4)
 *(.ARM.extab* .gnu.linkonce.armextab.*)
                0x08000494                        . = ALIGN (0x4)

.ARM            0x08000494        0x0
                0x08000494                        . = ALIGN (0x4)
                0x08000494                        __exidx_start = .
 *(.ARM.exidx*)
                0x08000494                        __exidx_end = .
                0x08000494                        . = ALIGN (0x4)

.preinit_array  0x08000494        0x0
                0x08000494                        . = ALIGN (0x4)
                0x08000494                        PROVIDE (__preinit_array_start = .)
 *(.preinit_array*)
                0x08000494                        PROVIDE (__preinit_array_end = .)
                0x08000494                        . = ALIGN (0x4)

.init_array     0x08000494        0x4
                0x08000494                        . = ALIGN (0x4)
                0x08000494                        PROVIDE (__init_array_start = .)
 *(SORT_BY_NAME(.init_array.*))
 *(.init_array*)
 .init_array    0x08000494        0x4 C:/ST/STM32CubeIDE_1.17.0/STM32CubeIDE/plugins/com.st.stm32cube.ide.mcu.externaltools.gnu-tools-for-stm32.12.3.rel1.win32_1.1.0.202410251130/tools/bin/../lib/gcc/arm-none-eabi/12.3.1/thumb/v7e-m+fp/hard/crtbegin.o
                0x08000498                        PROVIDE (__init_array_end = .)
                0x08000498                        . = ALIGN (0x4)

.fini_array     0x08000498        0x4
                0x08000498                        . = ALIGN (0x4)
                [!provide]                        PROVIDE (__fini_array_start = .)
 *(SORT_BY_NAME(.fini_array.*))
 *(.fini_array*)
 .fini_array    0x08000498        0x4 C:/ST/STM32CubeIDE_1.17.0/STM32CubeIDE/plugins/com.st.stm32cube.ide.mcu.externaltools.gnu-tools-for-stm32.12.3.rel1.win32_1.1.0.202410251130/tools/bin/../lib/gcc/arm-none-eabi/12.3.1/thumb/v7e-m+fp/hard/crtbegin.o
                [!provide]                        PROVIDE (__fini_array_end = .)
                0x0800049c                        . = ALIGN (0x4)
                0x0800049c                        _sidata = LOADADDR (.data)

.rel.dyn        0x0800049c        0x0
 .rel.iplt      0x0800049c        0x0 C:/ST/STM32CubeIDE_1.17.0/STM32CubeIDE/plugins/com.st.stm32cube.ide.mcu.externaltools.gnu-tools-for-stm32.12.3.rel1.win32_1.1.0.202410251130/tools/bin/../lib/gcc/arm-none-eabi/12.3.1/thumb/v7e-m+fp/hard/crtbegin.o

.data           0x20000000        0x0 load address 0x0800049c
                0x20000000                        . = ALIGN (0x4)
                0x20000000                        _sdata = .
 *(.data)
 *(.data*)
 *(.RamFunc)
 *(.RamFunc*)
                0x20000000                        . = ALIGN (0x4)
                0x20000000                        _edata = .
                0x0800049c                        _siccmram = LOADADDR (.ccmram)

.igot.plt       0x20000000        0x0 load address 0x0800049c
 .igot.plt      0x20000000        0x0 C:/ST/STM32CubeIDE_1.17.0/STM32CubeIDE/plugins/com.st.stm32cube.ide.mcu.externaltools.gnu-tools-for-stm32.12.3.rel1.win32_1.1.0.202410251130/tools/bin/../lib/gcc/arm-none-eabi/12.3.1/thumb/v7e-m+fp/hard/crtbegin.o

.ccmram         0x10000000        0x0 load address 0x0800049c
                0x10000000                        . = ALIGN (0x4)
                0x10000000                        _sccmram = .
 *(.ccmram)
 *(.ccmram*)
                0x10000000                        . = ALIGN (0x4)
                0x10000000                        _eccmram = .
                0x10000000                        . = ALIGN (0x4)

.bss            0x20000000       0x1c
                0x20000000                        _sbss = .
                0x20000000                        __bss_start__ = _sbss
 *(.bss)
 .bss           0x20000000       0x1c C:/ST/STM32CubeIDE_1.17.0/STM32CubeIDE/plugins/com.st.stm32cube.ide.mcu.externaltools.gnu-tools-for-stm32.12.3.rel1.win32_1.1.0.202410251130/tools/bin/../lib/gcc/arm-none-eabi/12.3.1/thumb/v7e-m+fp/hard/crtbegin.o
 *(.bss*)
 *(COMMON)
                0x2000001c                        . = ALIGN (0x4)
                0x2000001c                        _ebss = .
                0x2000001c                        __bss_end__ = _ebss

._user_heap_stack
                0x2000001c      0x604
                0x20000020                        . = ALIGN (0x8)
 *fill*         0x2000001c        0x4 
                [!provide]                        PROVIDE (end = .)
                0x20000020                        PROVIDE (_end = .)
                0x20000220                        . = (. + _Min_Heap_Size)
 *fill*         0x20000020      0x200 
                0x20000620                        . = (. + _Min_Stack_Size)
 *fill*         0x20000220      0x400 
                0x20000620                        . = ALIGN (0x8)

/DISCARD/
 libc.a(*)
 libm.a(*)
 libgcc.a(*)

.ARM.attributes
                0x00000000       0x30
 *(.ARM.attributes)
 .ARM.attributes
                0x00000000       0x22 C:/ST/STM32CubeIDE_1.17.0/STM32CubeIDE/plugins/com.st.stm32cube.ide.mcu.externaltools.gnu-tools-for-stm32.12.3.rel1.win32_1.1.0.202410251130/tools/bin/../lib/gcc/arm-none-eabi/12.3.1/thumb/v7e-m+fp/hard/crti.o
 .ARM.attributes
                0x00000022       0x34 C:/ST/STM32CubeIDE_1.17.0/STM32CubeIDE/plugins/com.st.stm32cube.ide.mcu.externaltools.gnu-tools-for-stm32.12.3.rel1.win32_1.1.0.202410251130/tools/bin/../lib/gcc/arm-none-eabi/12.3.1/thumb/v7e-m+fp/hard/crtbegin.o
 .ARM.attributes
                0x00000056       0x34 ./Core/Src/main.o
 .ARM.attributes
                0x0000008a       0x34 ./Core/Src/system_stm32f4xx.o
 .ARM.attributes
                0x000000be       0x34 ./Peripherals/Src/rcc.o
 .ARM.attributes
                0x000000f2       0x21 ./Startup/startup_stm32f407xx.o
 .ARM.attributes
                0x00000113       0x34 C:/ST/STM32CubeIDE_1.17.0/STM32CubeIDE/plugins/com.st.stm32cube.ide.mcu.externaltools.gnu-tools-for-stm32.12.3.rel1.win32_1.1.0.202410251130/tools/bin/../lib/gcc/arm-none-eabi/12.3.1/../../../../arm-none-eabi/lib/thumb/v7e-m+fp/hard\libc_nano.a(libc_a-init.o)
 .ARM.attributes
                0x00000147       0x22 C:/ST/STM32CubeIDE_1.17.0/STM32CubeIDE/plugins/com.st.stm32cube.ide.mcu.externaltools.gnu-tools-for-stm32.12.3.rel1.win32_1.1.0.202410251130/tools/bin/../lib/gcc/arm-none-eabi/12.3.1/thumb/v7e-m+fp/hard/crtn.o
OUTPUT(SingleMotorOpenLoop.elf elf32-littlearm)
LOAD linker stubs
LOAD C:/ST/STM32CubeIDE_1.17.0/STM32CubeIDE/plugins/com.st.stm32cube.ide.mcu.externaltools.gnu-tools-for-stm32.12.3.rel1.win32_1.1.0.202410251130/tools/bin/../lib/gcc/arm-none-eabi/12.3.1/../../../../arm-none-eabi/lib/thumb/v7e-m+fp/hard\libc.a
LOAD C:/ST/STM32CubeIDE_1.17.0/STM32CubeIDE/plugins/com.st.stm32cube.ide.mcu.externaltools.gnu-tools-for-stm32.12.3.rel1.win32_1.1.0.202410251130/tools/bin/../lib/gcc/arm-none-eabi/12.3.1/../../../../arm-none-eabi/lib/thumb/v7e-m+fp/hard\libm.a
LOAD C:/ST/STM32CubeIDE_1.17.0/STM32CubeIDE/plugins/com.st.stm32cube.ide.mcu.externaltools.gnu-tools-for-stm32.12.3.rel1.win32_1.1.0.202410251130/tools/bin/../lib/gcc/arm-none-eabi/12.3.1/thumb/v7e-m+fp/hard\libgcc.a

.debug_info     0x00000000     0x11b5
 .debug_info    0x00000000      0x2dc ./Core/Src/main.o
 .debug_info    0x000002dc      0x50b ./Core/Src/system_stm32f4xx.o
 .debug_info    0x000007e7      0x99e ./Peripherals/Src/rcc.o
 .debug_info    0x00001185       0x30 ./Startup/startup_stm32f407xx.o

.debug_abbrev   0x00000000      0x37e
 .debug_abbrev  0x00000000       0xcd ./Core/Src/main.o
 .debug_abbrev  0x000000cd      0x11a ./Core/Src/system_stm32f4xx.o
 .debug_abbrev  0x000001e7      0x173 ./Peripherals/Src/rcc.o
 .debug_abbrev  0x0000035a       0x24 ./Startup/startup_stm32f407xx.o

.debug_aranges  0x00000000       0xb0
 .debug_aranges
                0x00000000       0x20 ./Core/Src/main.o
 .debug_aranges
                0x00000020       0x28 ./Core/Src/system_stm32f4xx.o
 .debug_aranges
                0x00000048       0x40 ./Peripherals/Src/rcc.o
 .debug_aranges
                0x00000088       0x28 ./Startup/startup_stm32f407xx.o

.debug_rnglists
                0x00000000       0x72
 .debug_rnglists
                0x00000000       0x13 ./Core/Src/main.o
 .debug_rnglists
                0x00000013       0x1a ./Core/Src/system_stm32f4xx.o
 .debug_rnglists
                0x0000002d       0x2c ./Peripherals/Src/rcc.o
 .debug_rnglists
                0x00000059       0x19 ./Startup/startup_stm32f407xx.o

.debug_macro    0x00000000    0x18ff5
 .debug_macro   0x00000000      0x1b9 ./Core/Src/main.o
 .debug_macro   0x000001b9      0xaae ./Core/Src/main.o
 .debug_macro   0x00000c67       0x2f ./Core/Src/main.o
 .debug_macro   0x00000c96       0x22 ./Core/Src/main.o
 .debug_macro   0x00000cb8       0x8e ./Core/Src/main.o
 .debug_macro   0x00000d46       0x51 ./Core/Src/main.o
 .debug_macro   0x00000d97      0x103 ./Core/Src/main.o
 .debug_macro   0x00000e9a       0x6a ./Core/Src/main.o
 .debug_macro   0x00000f04      0x1df ./Core/Src/main.o
 .debug_macro   0x000010e3       0x1c ./Core/Src/main.o
 .debug_macro   0x000010ff       0x22 ./Core/Src/main.o
 .debug_macro   0x00001121       0xfb ./Core/Src/main.o
 .debug_macro   0x0000121c     0x1011 ./Core/Src/main.o
 .debug_macro   0x0000222d      0x11f ./Core/Src/main.o
 .debug_macro   0x0000234c    0x15e97 ./Core/Src/main.o
 .debug_macro   0x000181e3       0x22 ./Core/Src/main.o
 .debug_macro   0x00018205       0x61 ./Core/Src/main.o
 .debug_macro   0x00018266       0x2a ./Core/Src/main.o
 .debug_macro   0x00018290       0x43 ./Core/Src/main.o
 .debug_macro   0x000182d3       0x34 ./Core/Src/main.o
 .debug_macro   0x00018307       0x16 ./Core/Src/main.o
 .debug_macro   0x0001831d       0x9e ./Core/Src/main.o
 .debug_macro   0x000183bb      0x369 ./Core/Src/main.o
 .debug_macro   0x00018724      0x10b ./Core/Src/main.o
 .debug_macro   0x0001882f       0x10 ./Core/Src/main.o
 .debug_macro   0x0001883f       0x16 ./Core/Src/main.o
 .debug_macro   0x00018855       0x43 ./Core/Src/main.o
 .debug_macro   0x00018898       0x34 ./Core/Src/main.o
 .debug_macro   0x000188cc       0x10 ./Core/Src/main.o
 .debug_macro   0x000188dc       0x58 ./Core/Src/main.o
 .debug_macro   0x00018934       0x8e ./Core/Src/main.o
 .debug_macro   0x000189c2       0x1c ./Core/Src/main.o
 .debug_macro   0x000189de      0x177 ./Core/Src/main.o
 .debug_macro   0x00018b55       0x16 ./Core/Src/main.o
 .debug_macro   0x00018b6b       0x16 ./Core/Src/main.o
 .debug_macro   0x00018b81      0x146 ./Core/Src/main.o
 .debug_macro   0x00018cc7       0xda ./Core/Src/system_stm32f4xx.o
 .debug_macro   0x00018da1       0x2e ./Core/Src/system_stm32f4xx.o
 .debug_macro   0x00018dcf       0x6d ./Core/Src/system_stm32f4xx.o
 .debug_macro   0x00018e3c      0x1b9 ./Peripherals/Src/rcc.o

.debug_line     0x00000000     0x1511
 .debug_line    0x00000000      0x6dd ./Core/Src/main.o
 .debug_line    0x000006dd      0x5b0 ./Core/Src/system_stm32f4xx.o
 .debug_line    0x00000c8d      0x80a ./Peripherals/Src/rcc.o
 .debug_line    0x00001497       0x7a ./Startup/startup_stm32f407xx.o

.debug_str      0x00000000    0x8c496
 .debug_str     0x00000000    0x8b683 ./Core/Src/main.o
                              0x8b873 (size before relaxing)
 .debug_str     0x0008b683      0x84d ./Core/Src/system_stm32f4xx.o
                              0x88585 (size before relaxing)
 .debug_str     0x0008bed0      0x589 ./Peripherals/Src/rcc.o
                              0x8be99 (size before relaxing)
 .debug_str     0x0008c459       0x3d ./Startup/startup_stm32f407xx.o
                                 0x78 (size before relaxing)

.comment        0x00000000       0x43
 .comment       0x00000000       0x43 ./Core/Src/main.o
                                 0x44 (size before relaxing)
 .comment       0x00000043       0x44 ./Core/Src/system_stm32f4xx.o
 .comment       0x00000043       0x44 ./Peripherals/Src/rcc.o

.debug_frame    0x00000000      0x168
 .debug_frame   0x00000000       0x2c ./Core/Src/main.o
 .debug_frame   0x0000002c       0x58 ./Core/Src/system_stm32f4xx.o
 .debug_frame   0x00000084       0xb8 ./Peripherals/Src/rcc.o
 .debug_frame   0x0000013c       0x2c C:/ST/STM32CubeIDE_1.17.0/STM32CubeIDE/plugins/com.st.stm32cube.ide.mcu.externaltools.gnu-tools-for-stm32.12.3.rel1.win32_1.1.0.202410251130/tools/bin/../lib/gcc/arm-none-eabi/12.3.1/../../../../arm-none-eabi/lib/thumb/v7e-m+fp/hard\libc_nano.a(libc_a-init.o)

.debug_line_str
                0x00000000       0x5c
 .debug_line_str
                0x00000000       0x5c ./Startup/startup_stm32f407xx.o
