Archive member included to satisfy reference by file (symbol)

C:/ST/STM32CubeIDE_1.17.0/STM32CubeIDE/plugins/com.st.stm32cube.ide.mcu.externaltools.gnu-tools-for-stm32.12.3.rel1.win32_1.1.0.202410251130/tools/bin/../lib/gcc/arm-none-eabi/12.3.1/../../../../arm-none-eabi/lib/thumb/v7e-m+fp/hard\libc_nano.a(libc_a-exit.o)
                              C:/ST/STM32CubeIDE_1.17.0/STM32CubeIDE/plugins/com.st.stm32cube.ide.mcu.externaltools.gnu-tools-for-stm32.12.3.rel1.win32_1.1.0.202410251130/tools/bin/../lib/gcc/arm-none-eabi/12.3.1/../../../../arm-none-eabi/lib/thumb/v7e-m+fp/hard/crt0.o (exit)
C:/ST/STM32CubeIDE_1.17.0/STM32CubeIDE/plugins/com.st.stm32cube.ide.mcu.externaltools.gnu-tools-for-stm32.12.3.rel1.win32_1.1.0.202410251130/tools/bin/../lib/gcc/arm-none-eabi/12.3.1/../../../../arm-none-eabi/lib/thumb/v7e-m+fp/hard\libc_nano.a(libc_a-findfp.o)
                              C:/ST/STM32CubeIDE_1.17.0/STM32CubeIDE/plugins/com.st.stm32cube.ide.mcu.externaltools.gnu-tools-for-stm32.12.3.rel1.win32_1.1.0.202410251130/tools/bin/../lib/gcc/arm-none-eabi/12.3.1/../../../../arm-none-eabi/lib/thumb/v7e-m+fp/hard\libc_nano.a(libc_a-exit.o) (__stdio_exit_handler)
C:/ST/STM32CubeIDE_1.17.0/STM32CubeIDE/plugins/com.st.stm32cube.ide.mcu.externaltools.gnu-tools-for-stm32.12.3.rel1.win32_1.1.0.202410251130/tools/bin/../lib/gcc/arm-none-eabi/12.3.1/../../../../arm-none-eabi/lib/thumb/v7e-m+fp/hard\libc_nano.a(libc_a-fwalk.o)
                              C:/ST/STM32CubeIDE_1.17.0/STM32CubeIDE/plugins/com.st.stm32cube.ide.mcu.externaltools.gnu-tools-for-stm32.12.3.rel1.win32_1.1.0.202410251130/tools/bin/../lib/gcc/arm-none-eabi/12.3.1/../../../../arm-none-eabi/lib/thumb/v7e-m+fp/hard\libc_nano.a(libc_a-findfp.o) (_fwalk_sglue)
C:/ST/STM32CubeIDE_1.17.0/STM32CubeIDE/plugins/com.st.stm32cube.ide.mcu.externaltools.gnu-tools-for-stm32.12.3.rel1.win32_1.1.0.202410251130/tools/bin/../lib/gcc/arm-none-eabi/12.3.1/../../../../arm-none-eabi/lib/thumb/v7e-m+fp/hard\libc_nano.a(libc_a-puts.o)
                              ./Devices/Src/as5600.o (puts)
C:/ST/STM32CubeIDE_1.17.0/STM32CubeIDE/plugins/com.st.stm32cube.ide.mcu.externaltools.gnu-tools-for-stm32.12.3.rel1.win32_1.1.0.202410251130/tools/bin/../lib/gcc/arm-none-eabi/12.3.1/../../../../arm-none-eabi/lib/thumb/v7e-m+fp/hard\libc_nano.a(libc_a-stdio.o)
                              C:/ST/STM32CubeIDE_1.17.0/STM32CubeIDE/plugins/com.st.stm32cube.ide.mcu.externaltools.gnu-tools-for-stm32.12.3.rel1.win32_1.1.0.202410251130/tools/bin/../lib/gcc/arm-none-eabi/12.3.1/../../../../arm-none-eabi/lib/thumb/v7e-m+fp/hard\libc_nano.a(libc_a-findfp.o) (__sread)
C:/ST/STM32CubeIDE_1.17.0/STM32CubeIDE/plugins/com.st.stm32cube.ide.mcu.externaltools.gnu-tools-for-stm32.12.3.rel1.win32_1.1.0.202410251130/tools/bin/../lib/gcc/arm-none-eabi/12.3.1/../../../../arm-none-eabi/lib/thumb/v7e-m+fp/hard\libc_nano.a(libc_a-wbuf.o)
                              C:/ST/STM32CubeIDE_1.17.0/STM32CubeIDE/plugins/com.st.stm32cube.ide.mcu.externaltools.gnu-tools-for-stm32.12.3.rel1.win32_1.1.0.202410251130/tools/bin/../lib/gcc/arm-none-eabi/12.3.1/../../../../arm-none-eabi/lib/thumb/v7e-m+fp/hard\libc_nano.a(libc_a-puts.o) (__swbuf_r)
C:/ST/STM32CubeIDE_1.17.0/STM32CubeIDE/plugins/com.st.stm32cube.ide.mcu.externaltools.gnu-tools-for-stm32.12.3.rel1.win32_1.1.0.202410251130/tools/bin/../lib/gcc/arm-none-eabi/12.3.1/../../../../arm-none-eabi/lib/thumb/v7e-m+fp/hard\libc_nano.a(libc_a-wsetup.o)
                              C:/ST/STM32CubeIDE_1.17.0/STM32CubeIDE/plugins/com.st.stm32cube.ide.mcu.externaltools.gnu-tools-for-stm32.12.3.rel1.win32_1.1.0.202410251130/tools/bin/../lib/gcc/arm-none-eabi/12.3.1/../../../../arm-none-eabi/lib/thumb/v7e-m+fp/hard\libc_nano.a(libc_a-puts.o) (__swsetup_r)
C:/ST/STM32CubeIDE_1.17.0/STM32CubeIDE/plugins/com.st.stm32cube.ide.mcu.externaltools.gnu-tools-for-stm32.12.3.rel1.win32_1.1.0.202410251130/tools/bin/../lib/gcc/arm-none-eabi/12.3.1/../../../../arm-none-eabi/lib/thumb/v7e-m+fp/hard\libc_nano.a(libc_a-memset.o)
                              C:/ST/STM32CubeIDE_1.17.0/STM32CubeIDE/plugins/com.st.stm32cube.ide.mcu.externaltools.gnu-tools-for-stm32.12.3.rel1.win32_1.1.0.202410251130/tools/bin/../lib/gcc/arm-none-eabi/12.3.1/../../../../arm-none-eabi/lib/thumb/v7e-m+fp/hard/crt0.o (memset)
C:/ST/STM32CubeIDE_1.17.0/STM32CubeIDE/plugins/com.st.stm32cube.ide.mcu.externaltools.gnu-tools-for-stm32.12.3.rel1.win32_1.1.0.202410251130/tools/bin/../lib/gcc/arm-none-eabi/12.3.1/../../../../arm-none-eabi/lib/thumb/v7e-m+fp/hard\libc_nano.a(libc_a-closer.o)
                              C:/ST/STM32CubeIDE_1.17.0/STM32CubeIDE/plugins/com.st.stm32cube.ide.mcu.externaltools.gnu-tools-for-stm32.12.3.rel1.win32_1.1.0.202410251130/tools/bin/../lib/gcc/arm-none-eabi/12.3.1/../../../../arm-none-eabi/lib/thumb/v7e-m+fp/hard\libc_nano.a(libc_a-stdio.o) (_close_r)
[...]
Memory Configuration

Name             Origin             Length             Attributes
CCMRAM           0x10000000         0x00010000         xrw
RAM              0x20000000         0x00020000         xrw
FLASH            0x08000000         0x00100000         xr
*default*        0x00000000         0xffffffff

Linker script and memory map

LOAD C:/ST/STM32CubeIDE_1.17.0/STM32CubeIDE/plugins/com.st.stm32cube.ide.mcu.externaltools.gnu-tools-for-stm32.12.3.rel1.win32_1.1.0.202410251130/tools/bin/../lib/gcc/arm-none-eabi/12.3.1/thumb/v7e-m+fp/hard/crti.o
LOAD C:/ST/STM32CubeIDE_1.17.0/STM32CubeIDE/plugins/com.st.stm32cube.ide.mcu.externaltools.gnu-tools-for-stm32.12.3.rel1.win32_1.1.0.202410251130/tools/bin/../lib/gcc/arm-none-eabi/12.3.1/thumb/v7e-m+fp/hard/crtbegin.o
LOAD C:/ST/STM32CubeIDE_1.17.0/STM32CubeIDE/plugins/com.st.stm32cube.ide.mcu.externaltools.gnu-tools-for-stm32.12.3.rel1.win32_1.1.0.202410251130/tools/bin/../lib/gcc/arm-none-eabi/12.3.1/../../../../arm-none-eabi/lib/thumb/v7e-m+fp/hard/crt0.o
LOAD ./Core/Src/main.o
LOAD ./Core/Src/syscalls.o
LOAD ./Core/Src/sysmem.o
LOAD ./Core/Src/system_stm32f4xx.o
LOAD ./Devices/Src/as5600.o
LOAD ./Peripherals/Src/i2c.o
LOAD ./Peripherals/Src/rcc.o
LOAD ./Peripherals/Src/tim.o
LOAD ./SimpleFOC/Driver/Src/BLDCDriver.o
LOAD ./SimpleFOC/LowPassFilter/Src/lpf.o
LOAD ./SimpleFOC/Motor/Src/BLDCMotor.o
LOAD ./SimpleFOC/PIDController/Src/pid.o
LOAD ./SimpleFOC/Sensor/Src/sensor.o
LOAD ./Startup/startup_stm32f407xx.o
START GROUP
LOAD C:/ST/STM32CubeIDE_1.17.0/STM32CubeIDE/plugins/com.st.stm32cube.ide.mcu.externaltools.gnu-tools-for-stm32.12.3.rel1.win32_1.1.0.202410251130/tools/bin/../lib/gcc/arm-none-eabi/12.3.1/../../../../arm-none-eabi/lib/thumb/v7e-m+fp/hard\libc_nano.a
LOAD C:/ST/STM32CubeIDE_1.17.0/STM32CubeIDE/plugins/com.st.stm32cube.ide.mcu.externaltools.gnu-tools-for-stm32.12.3.rel1.win32_1.1.0.202410251130/tools/bin/../lib/gcc/arm-none-eabi/12.3.1/../../../../arm-none-eabi/lib/thumb/v7e-m+fp/hard\libm.a
END GROUP
START GROUP
LOAD C:/ST/STM32CubeIDE_1.17.0/STM32CubeIDE/plugins/com.st.stm32cube.ide.mcu.externaltools.gnu-tools-for-stm32.12.3.rel1.win32_1.1.0.202410251130/tools/bin/../lib/gcc/arm-none-eabi/12.3.1/thumb/v7e-m+fp/hard\libgcc.a
LOAD C:/ST/STM32CubeIDE_1.17.0/STM32CubeIDE/plugins/com.st.stm32cube.ide.mcu.externaltools.gnu-tools-for-stm32.12.3.rel1.win32_1.1.0.202410251130/tools/bin/../lib/gcc/arm-none-eabi/12.3.1/../../../../arm-none-eabi/lib/thumb/v7e-m+fp/hard\libc_nano.a
END GROUP
START GROUP
LOAD C:/ST/STM32CubeIDE_1.17.0/STM32CubeIDE/plugins/com.st.stm32cube.ide.mcu.externaltools.gnu-tools-for-stm32.12.3.rel1.win32_1.1.0.202410251130/tools/bin/../lib/gcc/arm-none-eabi/12.3.1/thumb/v7e-m+fp/hard\libgcc.a
LOAD C:/ST/STM32CubeIDE_1.17.0/STM32CubeIDE/plugins/com.st.stm32cube.ide.mcu.externaltools.gnu-tools-for-stm32.12.3.rel1.win32_1.1.0.202410251130/tools/bin/../lib/gcc/arm-none-eabi/12.3.1/../../../../arm-none-eabi/lib/thumb/v7e-m+fp/hard\libc_nano.a
LOAD C:/ST/STM32CubeIDE_1.17.0/STM32CubeIDE/plugins/com.st.stm32cube.ide.mcu.externaltools.gnu-tools-for-stm32.12.3.rel1.win32_1.1.0.202410251130/tools/bin/../lib/gcc/arm-none-eabi/12.3.1/../../../../arm-none-eabi/lib/thumb/v7e-m+fp/hard\libnosys.a
END GROUP
START GROUP
LOAD C:/ST/STM32CubeIDE_1.17.0/STM32CubeIDE/plugins/com.st.stm32cube.ide.mcu.externaltools.gnu-tools-for-stm32.12.3.rel1.win32_1.1.0.202410251130/tools/bin/../lib/gcc/arm-none-eabi/12.3.1/thumb/v7e-m+fp/hard\libgcc.a
LOAD C:/ST/STM32CubeIDE_1.17.0/STM32CubeIDE/plugins/com.st.stm32cube.ide.mcu.externaltools.gnu-tools-for-stm32.12.3.rel1.win32_1.1.0.202410251130/tools/bin/../lib/gcc/arm-none-eabi/12.3.1/../../../../arm-none-eabi/lib/thumb/v7e-m+fp/hard\libc_nano.a
LOAD C:/ST/STM32CubeIDE_1.17.0/STM32CubeIDE/plugins/com.st.stm32cube.ide.mcu.externaltools.gnu-tools-for-stm32.12.3.rel1.win32_1.1.0.202410251130/tools/bin/../lib/gcc/arm-none-eabi/12.3.1/../../../../arm-none-eabi/lib/thumb/v7e-m+fp/hard\libnosys.a
END GROUP
LOAD C:/ST/STM32CubeIDE_1.17.0/STM32CubeIDE/plugins/com.st.stm32cube.ide.mcu.externaltools.gnu-tools-for-stm32.12.3.rel1.win32_1.1.0.202410251130/tools/bin/../lib/gcc/arm-none-eabi/12.3.1/thumb/v7e-m+fp/hard/crtend.o
LOAD C:/ST/STM32CubeIDE_1.17.0/STM32CubeIDE/plugins/com.st.stm32cube.ide.mcu.externaltools.gnu-tools-for-stm32.12.3.rel1.win32_1.1.0.202410251130/tools/bin/../lib/gcc/arm-none-eabi/12.3.1/thumb/v7e-m+fp/hard/crtn.o
                0x20020000                        _estack = (ORIGIN (RAM) + LENGTH (RAM))
                0x00000200                        _Min_Heap_Size = 0x200
                0x00000400                        _Min_Stack_Size = 0x400

.isr_vector     0x08000000      0x188
                0x08000000                        . = ALIGN (0x4)
 *(.isr_vector)
 .isr_vector    0x08000000      0x188 ./Startup/startup_stm32f407xx.o
                0x08000000                g_pfnVectors
                0x08000188                        . = ALIGN (0x4)

.text           0x08000188      0x8d4
                0x08000188                        . = ALIGN (0x4)
 *(.text)
 .text          0x08000188       0x40 C:/ST/STM32CubeIDE_1.17.0/STM32CubeIDE/plugins/com.st.stm32cube.ide.mcu.externaltools.gnu-tools-for-stm32.12.3.rel1.win32_1.1.0.202410251130/tools/bin/../lib/gcc/arm-none-eabi/12.3.1/thumb/v7e-m+fp/hard/crtbegin.o
 *(.text*)
 .text.main     0x080001c8       0x34 ./Core/Src/main.o
                0x080001c8                main
 .text.SystemInit
                0x080001fc       0x24 ./Core/Src/system_stm32f4xx.o
                0x080001fc                SystemInit
 .text.as5600_ReadRawAngle
                0x08000220       0x3e ./Devices/Src/as5600.o
                0x08000220                as5600_ReadRawAngle
 *fill*         0x0800025e        0x2 
 .text.i2c_I2C1_Config
                0x08000260       0x98 ./Peripherals/Src/i2c.o
                0x08000260                i2c_I2C1_Config
 .text.i2c_I2C1_Write
                0x080002f8       0x74 ./Peripherals/Src/i2c.o
                0x080002f8                i2c_I2C1_Write
 .text.i2c_I2C1_Read
                0x0800036c       0x88 ./Peripherals/Src/i2c.o
                0x0800036c                i2c_I2C1_Read
 .text.__NVIC_ClearPendingIRQ
                0x080003f4       0x3c ./Peripherals/Src/rcc.o
 .text.__NVIC_SetPriority
                0x08000430       0x54 ./Peripherals/Src/rcc.o
 .text.rcc_SysClock_Config
                0x08000484       0xd0 ./Peripherals/Src/rcc.o
                0x08000484                rcc_SysClock_Config
 .text.rcc_SysTick_Config
                0x08000554       0x38 ./Peripherals/Src/rcc.o
                0x08000554                rcc_SysTick_Config
 .text.SysTick_Handler
                0x0800058c       0x10 ./Peripherals/Src/rcc.o
                0x0800058c                SysTick_Handler
 .text.__NVIC_EnableIRQ
                0x0800059c       0x3c ./Peripherals/Src/tim.o
 .text.tim_TIM3_3PWM_Config
                0x080005d8      0x148 ./Peripherals/Src/tim.o
                0x080005d8                tim_TIM3_3PWM_Config
 .text.tim_TIM2_Delay_Config
                0x08000720       0x50 ./Peripherals/Src/tim.o
                0x08000720                tim_TIM2_Delay_Config
 .text.TIM2_IRQHandler
                0x08000770       0x3c ./Peripherals/Src/tim.o
                0x08000770                TIM2_IRQHandler
 .text._tim_msec_val_
                0x080007ac       0x18 ./Peripherals/Src/tim.o
                0x080007ac                _tim_msec_val_
 .text._tim_usec_val_
                0x080007c4       0x1e ./Peripherals/Src/tim.o
                0x080007c4                _tim_usec_val_
 .text.tim_TIM2_Delay_ms
                0x080007e2       0x2a ./Peripherals/Src/tim.o
                0x080007e2                tim_TIM2_Delay_ms
 .text.tim_TIM2_Delay_us
                0x0800080c       0x2a ./Peripherals/Src/tim.o
                0x0800080c                tim_TIM2_Delay_us
 *fill*         0x08000836        0x2 
 .text.sensor_Init
                0x08000838       0xa8 ./SimpleFOC/Sensor/Src/sensor.o
                0x08000838                sensor_Init
 .text.sensor_GetSensorAngle
                0x080008e0       0x40 ./SimpleFOC/Sensor/Src/sensor.o
                0x080008e0                sensor_GetSensorAngle
 .text.sensor_Update
                0x08000920       0x88 ./SimpleFOC/Sensor/Src/sensor.o
                0x08000920                sensor_Update
 .text.Reset_Handler
                0x080009a8       0x50 ./Startup/startup_stm32f407xx.o
                0x080009a8                Reset_Handler
 .text.Default_Handler
                0x080009f8        0x2 ./Startup/startup_stm32f407xx.o
                0x080009f8                RTC_Alarm_IRQHandler
                0x080009f8                HASH_RNG_IRQHandler
                0x080009f8                EXTI2_IRQHandler
                0x080009f8                TIM8_CC_IRQHandler
                0x080009f8                DebugMon_Handler
                0x080009f8                TIM1_CC_IRQHandler
                0x080009f8                DMA2_Stream5_IRQHandler
                0x080009f8                HardFault_Handler
                0x080009f8                DMA1_Stream5_IRQHandler
                0x080009f8                PVD_IRQHandler
                0x080009f8                SDIO_IRQHandler
                0x080009f8                TAMP_STAMP_IRQHandler
                0x080009f8                PendSV_Handler
                0x080009f8                NMI_Handler
                0x080009f8                CAN2_RX1_IRQHandler
                0x080009f8                EXTI3_IRQHandler
                0x080009f8                TIM8_TRG_COM_TIM14_IRQHandler
                0x080009f8                TIM1_UP_TIM10_IRQHandler
                0x080009f8                TIM8_UP_TIM13_IRQHandler
                0x080009f8                I2C3_ER_IRQHandler
                0x080009f8                EXTI0_IRQHandler
                0x080009f8                I2C2_EV_IRQHandler
                0x080009f8                DMA1_Stream2_IRQHandler
                0x080009f8                CAN1_RX0_IRQHandler
                0x080009f8                FPU_IRQHandler
                0x080009f8                OTG_HS_WKUP_IRQHandler
                0x080009f8                UsageFault_Handler
                0x080009f8                CAN2_SCE_IRQHandler
                0x080009f8                DMA2_Stream2_IRQHandler
                0x080009f8                SPI1_IRQHandler
                0x080009f8                TIM6_DAC_IRQHandler
                0x080009f8                TIM1_BRK_TIM9_IRQHandler
                0x080009f8                DCMI_IRQHandler
                0x080009f8                CAN2_RX0_IRQHandler
                0x080009f8                DMA2_Stream3_IRQHandler
                0x080009f8                USART6_IRQHandler
                0x080009f8                USART3_IRQHandler
                0x080009f8                CAN1_RX1_IRQHandler
                0x080009f8                UART5_IRQHandler
                0x080009f8                DMA2_Stream0_IRQHandler
                0x080009f8                TIM4_IRQHandler
                0x080009f8                I2C1_EV_IRQHandler
                0x080009f8                DMA1_Stream6_IRQHandler
                0x080009f8                DMA1_Stream1_IRQHandler
                0x080009f8                UART4_IRQHandler
                0x080009f8                TIM3_IRQHandler
                0x080009f8                RCC_IRQHandler
                0x080009f8                TIM8_BRK_TIM12_IRQHandler
                0x080009f8                Default_Handler
                0x080009f8                EXTI15_10_IRQHandler
                0x080009f8                ADC_IRQHandler
                0x080009f8                DMA1_Stream7_IRQHandler
                0x080009f8                TIM7_IRQHandler
                0x080009f8                CAN2_TX_IRQHandler
                0x080009f8                TIM5_IRQHandler
                0x080009f8                DMA2_Stream7_IRQHandler
                0x080009f8                I2C3_EV_IRQHandler
                0x080009f8                EXTI9_5_IRQHandler
                0x080009f8                RTC_WKUP_IRQHandler
                0x080009f8                ETH_WKUP_IRQHandler
                0x080009f8                SPI2_IRQHandler
                0x080009f8                OTG_HS_EP1_IN_IRQHandler
                0x080009f8                MemManage_Handler
                0x080009f8                DMA1_Stream0_IRQHandler
                0x080009f8                CAN1_TX_IRQHandler
                0x080009f8                SVC_Handler
                0x080009f8                EXTI4_IRQHandler
                0x080009f8                FSMC_IRQHandler
                0x080009f8                ETH_IRQHandler
                0x080009f8                OTG_HS_EP1_OUT_IRQHandler
                0x080009f8                WWDG_IRQHandler
                0x080009f8                OTG_FS_WKUP_IRQHandler
                0x080009f8                TIM1_TRG_COM_TIM11_IRQHandler
                0x080009f8                OTG_HS_IRQHandler
                0x080009f8                EXTI1_IRQHandler
                0x080009f8                USART2_IRQHandler
                0x080009f8                I2C2_ER_IRQHandler
                0x080009f8                DMA2_Stream1_IRQHandler
                0x080009f8                CAN1_SCE_IRQHandler
                0x080009f8                FLASH_IRQHandler
                0x080009f8                DMA2_Stream4_IRQHandler
                0x080009f8                BusFault_Handler
                0x080009f8                USART1_IRQHandler
                0x080009f8                OTG_FS_IRQHandler
                0x080009f8                SPI3_IRQHandler
                0x080009f8                DMA1_Stream4_IRQHandler
                0x080009f8                I2C1_ER_IRQHandler
                0x080009f8                DMA2_Stream6_IRQHandler
                0x080009f8                DMA1_Stream3_IRQHandler
 *fill*         0x080009fa        0x2 
 .text.__libc_init_array
                0x080009fc       0x48 C:/ST/STM32CubeIDE_1.17.0/STM32CubeIDE/plugins/com.st.stm32cube.ide.mcu.externaltools.gnu-tools-for-stm32.12.3.rel1.win32_1.1.0.202410251130/tools/bin/../lib/gcc/arm-none-eabi/12.3.1/../../../../arm-none-eabi/lib/thumb/v7e-m+fp/hard\libc_nano.a(libc_a-init.o)
                0x080009fc                __libc_init_array
 *(.glue_7)
 .glue_7        0x08000a44        0x0 linker stubs
 *(.glue_7t)
 .glue_7t       0x08000a44        0x0 linker stubs
 *(.eh_frame)
 .eh_frame      0x08000a44        0x0 C:/ST/STM32CubeIDE_1.17.0/STM32CubeIDE/plugins/com.st.stm32cube.ide.mcu.externaltools.gnu-tools-for-stm32.12.3.rel1.win32_1.1.0.202410251130/tools/bin/../lib/gcc/arm-none-eabi/12.3.1/thumb/v7e-m+fp/hard/crtbegin.o
 *(.init)
 .init          0x08000a44        0x4 C:/ST/STM32CubeIDE_1.17.0/STM32CubeIDE/plugins/com.st.stm32cube.ide.mcu.externaltools.gnu-tools-for-stm32.12.3.rel1.win32_1.1.0.202410251130/tools/bin/../lib/gcc/arm-none-eabi/12.3.1/thumb/v7e-m+fp/hard/crti.o
                0x08000a44                _init
 .init          0x08000a48        0x8 C:/ST/STM32CubeIDE_1.17.0/STM32CubeIDE/plugins/com.st.stm32cube.ide.mcu.externaltools.gnu-tools-for-stm32.12.3.rel1.win32_1.1.0.202410251130/tools/bin/../lib/gcc/arm-none-eabi/12.3.1/thumb/v7e-m+fp/hard/crtn.o
 *(.fini)
 .fini          0x08000a50        0x4 C:/ST/STM32CubeIDE_1.17.0/STM32CubeIDE/plugins/com.st.stm32cube.ide.mcu.externaltools.gnu-tools-for-stm32.12.3.rel1.win32_1.1.0.202410251130/tools/bin/../lib/gcc/arm-none-eabi/12.3.1/thumb/v7e-m+fp/hard/crti.o
                0x08000a50                _fini
 .fini          0x08000a54        0x8 C:/ST/STM32CubeIDE_1.17.0/STM32CubeIDE/plugins/com.st.stm32cube.ide.mcu.externaltools.gnu-tools-for-stm32.12.3.rel1.win32_1.1.0.202410251130/tools/bin/../lib/gcc/arm-none-eabi/12.3.1/thumb/v7e-m+fp/hard/crtn.o
                0x08000a5c                        . = ALIGN (0x4)
                0x08000a5c                        _etext = .

.vfp11_veneer   0x08000a5c        0x0
 .vfp11_veneer  0x08000a5c        0x0 linker stubs

.v4_bx          0x08000a5c        0x0
 .v4_bx         0x08000a5c        0x0 linker stubs

.iplt           0x08000a5c        0x0
 .iplt          0x08000a5c        0x0 C:/ST/STM32CubeIDE_1.17.0/STM32CubeIDE/plugins/com.st.stm32cube.ide.mcu.externaltools.gnu-tools-for-stm32.12.3.rel1.win32_1.1.0.202410251130/tools/bin/../lib/gcc/arm-none-eabi/12.3.1/thumb/v7e-m+fp/hard/crtbegin.o

.rodata         0x08000a5c        0x0
                0x08000a5c                        . = ALIGN (0x4)
 *(.rodata)
 *(.rodata*)
                0x08000a5c                        . = ALIGN (0x4)

.ARM.extab      0x08000a5c        0x0
                0x08000a5c                        . = ALIGN (0x4)
 *(.ARM.extab* .gnu.linkonce.armextab.*)
                0x08000a5c                        . = ALIGN (0x4)

.ARM            0x08000a5c        0x0
                0x08000a5c                        . = ALIGN (0x4)
                0x08000a5c                        __exidx_start = .
 *(.ARM.exidx*)
                0x08000a5c                        __exidx_end = .
                0x08000a5c                        . = ALIGN (0x4)

.preinit_array  0x08000a5c        0x0
                0x08000a5c                        . = ALIGN (0x4)
                0x08000a5c                        PROVIDE (__preinit_array_start = .)
 *(.preinit_array*)
                0x08000a5c                        PROVIDE (__preinit_array_end = .)
                0x08000a5c                        . = ALIGN (0x4)

.init_array     0x08000a5c        0x4
                0x08000a5c                        . = ALIGN (0x4)
                0x08000a5c                        PROVIDE (__init_array_start = .)
 *(SORT_BY_NAME(.init_array.*))
 *(.init_array*)
 .init_array    0x08000a5c        0x4 C:/ST/STM32CubeIDE_1.17.0/STM32CubeIDE/plugins/com.st.stm32cube.ide.mcu.externaltools.gnu-tools-for-stm32.12.3.rel1.win32_1.1.0.202410251130/tools/bin/../lib/gcc/arm-none-eabi/12.3.1/thumb/v7e-m+fp/hard/crtbegin.o
                0x08000a60                        PROVIDE (__init_array_end = .)
                0x08000a60                        . = ALIGN (0x4)

.fini_array     0x08000a60        0x4
                0x08000a60                        . = ALIGN (0x4)
                [!provide]                        PROVIDE (__fini_array_start = .)
 *(SORT_BY_NAME(.fini_array.*))
 *(.fini_array*)
 .fini_array    0x08000a60        0x4 C:/ST/STM32CubeIDE_1.17.0/STM32CubeIDE/plugins/com.st.stm32cube.ide.mcu.externaltools.gnu-tools-for-stm32.12.3.rel1.win32_1.1.0.202410251130/tools/bin/../lib/gcc/arm-none-eabi/12.3.1/thumb/v7e-m+fp/hard/crtbegin.o
                [!provide]                        PROVIDE (__fini_array_end = .)
                0x08000a64                        . = ALIGN (0x4)
                0x08000a64                        _sidata = LOADADDR (.data)

.rel.dyn        0x08000a64        0x0
 .rel.iplt      0x08000a64        0x0 C:/ST/STM32CubeIDE_1.17.0/STM32CubeIDE/plugins/com.st.stm32cube.ide.mcu.externaltools.gnu-tools-for-stm32.12.3.rel1.win32_1.1.0.202410251130/tools/bin/../lib/gcc/arm-none-eabi/12.3.1/thumb/v7e-m+fp/hard/crtbegin.o

.data           0x20000000        0x0 load address 0x08000a64
                0x20000000                        . = ALIGN (0x4)
                0x20000000                        _sdata = .
 *(.data)
 *(.data*)
 *(.RamFunc)
 *(.RamFunc*)
                0x20000000                        . = ALIGN (0x4)
                0x20000000                        _edata = .
                0x08000a64                        _siccmram = LOADADDR (.ccmram)

.igot.plt       0x20000000        0x0 load address 0x08000a64
 .igot.plt      0x20000000        0x0 C:/ST/STM32CubeIDE_1.17.0/STM32CubeIDE/plugins/com.st.stm32cube.ide.mcu.externaltools.gnu-tools-for-stm32.12.3.rel1.win32_1.1.0.202410251130/tools/bin/../lib/gcc/arm-none-eabi/12.3.1/thumb/v7e-m+fp/hard/crtbegin.o

.ccmram         0x10000000        0x0 load address 0x08000a64
                0x10000000                        . = ALIGN (0x4)
                0x10000000                        _sccmram = .
 *(.ccmram)
 *(.ccmram*)
                0x10000000                        . = ALIGN (0x4)
                0x10000000                        _eccmram = .
                0x10000000                        . = ALIGN (0x4)

.bss            0x20000000       0x20
                0x20000000                        _sbss = .
                0x20000000                        __bss_start__ = _sbss
 *(.bss)
 .bss           0x20000000       0x1c C:/ST/STM32CubeIDE_1.17.0/STM32CubeIDE/plugins/com.st.stm32cube.ide.mcu.externaltools.gnu-tools-for-stm32.12.3.rel1.win32_1.1.0.202410251130/tools/bin/../lib/gcc/arm-none-eabi/12.3.1/thumb/v7e-m+fp/hard/crtbegin.o
 *(.bss*)
 .bss._tim_msec_
                0x2000001c        0x4 ./Peripherals/Src/tim.o
 *(COMMON)
                0x20000020                        . = ALIGN (0x4)
                0x20000020                        _ebss = .
                0x20000020                        __bss_end__ = _ebss

._user_heap_stack
                0x20000020      0x600
                0x20000020                        . = ALIGN (0x8)
                [!provide]                        PROVIDE (end = .)
                0x20000020                        PROVIDE (_end = .)
                0x20000220                        . = (. + _Min_Heap_Size)
 *fill*         0x20000020      0x200 
                0x20000620                        . = (. + _Min_Stack_Size)
 *fill*         0x20000220      0x400 
                0x20000620                        . = ALIGN (0x8)

/DISCARD/
 libc.a(*)
 libm.a(*)
 libgcc.a(*)

.ARM.attributes
                0x00000000       0x30
 *(.ARM.attributes)
 .ARM.attributes
                0x00000000       0x22 C:/ST/STM32CubeIDE_1.17.0/STM32CubeIDE/plugins/com.st.stm32cube.ide.mcu.externaltools.gnu-tools-for-stm32.12.3.rel1.win32_1.1.0.202410251130/tools/bin/../lib/gcc/arm-none-eabi/12.3.1/thumb/v7e-m+fp/hard/crti.o
 .ARM.attributes
                0x00000022       0x34 C:/ST/STM32CubeIDE_1.17.0/STM32CubeIDE/plugins/com.st.stm32cube.ide.mcu.externaltools.gnu-tools-for-stm32.12.3.rel1.win32_1.1.0.202410251130/tools/bin/../lib/gcc/arm-none-eabi/12.3.1/thumb/v7e-m+fp/hard/crtbegin.o
 .ARM.attributes
                0x00000056       0x34 ./Core/Src/main.o
 .ARM.attributes
                0x0000008a       0x34 ./Core/Src/system_stm32f4xx.o
 .ARM.attributes
                0x000000be       0x34 ./Devices/Src/as5600.o
 .ARM.attributes
                0x000000f2       0x34 ./Peripherals/Src/i2c.o
 .ARM.attributes
                0x00000126       0x34 ./Peripherals/Src/rcc.o
 .ARM.attributes
                0x0000015a       0x34 ./Peripherals/Src/tim.o
 .ARM.attributes
                0x0000018e       0x34 ./SimpleFOC/Sensor/Src/sensor.o
 .ARM.attributes
                0x000001c2       0x21 ./Startup/startup_stm32f407xx.o
 .ARM.attributes
                0x000001e3       0x34 C:/ST/STM32CubeIDE_1.17.0/STM32CubeIDE/plugins/com.st.stm32cube.ide.mcu.externaltools.gnu-tools-for-stm32.12.3.rel1.win32_1.1.0.202410251130/tools/bin/../lib/gcc/arm-none-eabi/12.3.1/../../../../arm-none-eabi/lib/thumb/v7e-m+fp/hard\libc_nano.a(libc_a-init.o)
 .ARM.attributes
                0x00000217       0x22 C:/ST/STM32CubeIDE_1.17.0/STM32CubeIDE/plugins/com.st.stm32cube.ide.mcu.externaltools.gnu-tools-for-stm32.12.3.rel1.win32_1.1.0.202410251130/tools/bin/../lib/gcc/arm-none-eabi/12.3.1/thumb/v7e-m+fp/hard/crtn.o
OUTPUT(SingleMotorClosedLoop.elf elf32-littlearm)
LOAD linker stubs
LOAD C:/ST/STM32CubeIDE_1.17.0/STM32CubeIDE/plugins/com.st.stm32cube.ide.mcu.externaltools.gnu-tools-for-stm32.12.3.rel1.win32_1.1.0.202410251130/tools/bin/../lib/gcc/arm-none-eabi/12.3.1/../../../../arm-none-eabi/lib/thumb/v7e-m+fp/hard\libc.a
LOAD C:/ST/STM32CubeIDE_1.17.0/STM32CubeIDE/plugins/com.st.stm32cube.ide.mcu.externaltools.gnu-tools-for-stm32.12.3.rel1.win32_1.1.0.202410251130/tools/bin/../lib/gcc/arm-none-eabi/12.3.1/../../../../arm-none-eabi/lib/thumb/v7e-m+fp/hard\libm.a
LOAD C:/ST/STM32CubeIDE_1.17.0/STM32CubeIDE/plugins/com.st.stm32cube.ide.mcu.externaltools.gnu-tools-for-stm32.12.3.rel1.win32_1.1.0.202410251130/tools/bin/../lib/gcc/arm-none-eabi/12.3.1/thumb/v7e-m+fp/hard\libgcc.a

.debug_info     0x00000000     0x2e03
 .debug_info    0x00000000      0x324 ./Core/Src/main.o
 .debug_info    0x00000324      0x50b ./Core/Src/system_stm32f4xx.o
 .debug_info    0x0000082f      0x330 ./Devices/Src/as5600.o
 .debug_info    0x00000b5f      0x562 ./Peripherals/Src/i2c.o
 .debug_info    0x000010c1      0xa58 ./Peripherals/Src/rcc.o
 .debug_info    0x00001b19      0xa2a ./Peripherals/Src/tim.o
 .debug_info    0x00002543      0x890 ./SimpleFOC/Sensor/Src/sensor.o
 .debug_info    0x00002dd3       0x30 ./Startup/startup_stm32f407xx.o

.debug_abbrev   0x00000000      0xbbf
 .debug_abbrev  0x00000000      0x164 ./Core/Src/main.o
 .debug_abbrev  0x00000164      0x11a ./Core/Src/system_stm32f4xx.o
 .debug_abbrev  0x0000027e      0x12e ./Devices/Src/as5600.o
 .debug_abbrev  0x000003ac      0x19c ./Peripherals/Src/i2c.o
 .debug_abbrev  0x00000548      0x23a ./Peripherals/Src/rcc.o
 .debug_abbrev  0x00000782      0x250 ./Peripherals/Src/tim.o
 .debug_abbrev  0x000009d2      0x1c9 ./SimpleFOC/Sensor/Src/sensor.o
 .debug_abbrev  0x00000b9b       0x24 ./Startup/startup_stm32f407xx.o

.debug_aranges  0x00000000      0x290
 .debug_aranges
                0x00000000       0x40 ./Core/Src/main.o
 .debug_aranges
                0x00000040       0x28 ./Core/Src/system_stm32f4xx.o
 .debug_aranges
                0x00000068       0x50 ./Devices/Src/as5600.o
 .debug_aranges
                0x000000b8       0x50 ./Peripherals/Src/i2c.o
 .debug_aranges
                0x00000108       0x60 ./Peripherals/Src/rcc.o
 .debug_aranges
                0x00000168       0x78 ./Peripherals/Src/tim.o
 .debug_aranges
                0x000001e0       0x88 ./SimpleFOC/Sensor/Src/sensor.o
 .debug_aranges
                0x00000268       0x28 ./Startup/startup_stm32f407xx.o

.debug_rnglists
                0x00000000      0x1d2
 .debug_rnglists
                0x00000000       0x2c ./Core/Src/main.o
 .debug_rnglists
                0x0000002c       0x1a ./Core/Src/system_stm32f4xx.o
 .debug_rnglists
                0x00000046       0x38 ./Devices/Src/as5600.o
 .debug_rnglists
                0x0000007e       0x3a ./Peripherals/Src/i2c.o
 .debug_rnglists
                0x000000b8       0x45 ./Peripherals/Src/rcc.o
 .debug_rnglists
                0x000000fd       0x57 ./Peripherals/Src/tim.o
 .debug_rnglists
                0x00000154       0x65 ./SimpleFOC/Sensor/Src/sensor.o
 .debug_rnglists
                0x000001b9       0x19 ./Startup/startup_stm32f407xx.o

.debug_macro    0x00000000    0x19d73
 .debug_macro   0x00000000      0x254 ./Core/Src/main.o
 .debug_macro   0x00000254      0xaae ./Core/Src/main.o
 .debug_macro   0x00000d02       0x2f ./Core/Src/main.o
 .debug_macro   0x00000d31       0x22 ./Core/Src/main.o
 .debug_macro   0x00000d53       0x8e ./Core/Src/main.o
 .debug_macro   0x00000de1       0x51 ./Core/Src/main.o
 .debug_macro   0x00000e32      0x103 ./Core/Src/main.o
 .debug_macro   0x00000f35       0x6a ./Core/Src/main.o
 .debug_macro   0x00000f9f      0x1df ./Core/Src/main.o
 .debug_macro   0x0000117e       0x1c ./Core/Src/main.o
 .debug_macro   0x0000119a       0x22 ./Core/Src/main.o
 .debug_macro   0x000011bc       0xfb ./Core/Src/main.o
 .debug_macro   0x000012b7     0x1011 ./Core/Src/main.o
 .debug_macro   0x000022c8      0x11f ./Core/Src/main.o
 .debug_macro   0x000023e7    0x15e97 ./Core/Src/main.o
 .debug_macro   0x0001827e       0x22 ./Core/Src/main.o
 .debug_macro   0x000182a0       0x61 ./Core/Src/main.o
 .debug_macro   0x00018301       0x2a ./Core/Src/main.o
 .debug_macro   0x0001832b       0x43 ./Core/Src/main.o
 .debug_macro   0x0001836e       0x34 ./Core/Src/main.o
 .debug_macro   0x000183a2       0x16 ./Core/Src/main.o
 .debug_macro   0x000183b8       0x9e ./Core/Src/main.o
 .debug_macro   0x00018456      0x369 ./Core/Src/main.o
 .debug_macro   0x000187bf      0x10b ./Core/Src/main.o
 .debug_macro   0x000188ca       0x10 ./Core/Src/main.o
 .debug_macro   0x000188da       0x16 ./Core/Src/main.o
 .debug_macro   0x000188f0       0x43 ./Core/Src/main.o
 .debug_macro   0x00018933       0x34 ./Core/Src/main.o
 .debug_macro   0x00018967       0x10 ./Core/Src/main.o
 .debug_macro   0x00018977       0x58 ./Core/Src/main.o
 .debug_macro   0x000189cf       0x8e ./Core/Src/main.o
 .debug_macro   0x00018a5d       0x1c ./Core/Src/main.o
 .debug_macro   0x00018a79      0x177 ./Core/Src/main.o
 .debug_macro   0x00018bf0       0x16 ./Core/Src/main.o
 .debug_macro   0x00018c06       0x16 ./Core/Src/main.o
 .debug_macro   0x00018c1c      0x146 ./Core/Src/main.o
 .debug_macro   0x00018d62       0x52 ./Core/Src/main.o
 .debug_macro   0x00018db4       0x16 ./Core/Src/main.o
 .debug_macro   0x00018dca       0x35 ./Core/Src/main.o
 .debug_macro   0x00018dff       0x20 ./Core/Src/main.o
 .debug_macro   0x00018e1f       0xa0 ./Core/Src/main.o
 .debug_macro   0x00018ebf      0x19b ./Core/Src/main.o
 .debug_macro   0x0001905a       0xda ./Core/Src/system_stm32f4xx.o
 .debug_macro   0x00019134       0x2e ./Core/Src/system_stm32f4xx.o
 .debug_macro   0x00019162       0x6d ./Core/Src/system_stm32f4xx.o
 .debug_macro   0x000191cf      0x254 ./Devices/Src/as5600.o
 .debug_macro   0x00019423      0x254 ./Peripherals/Src/i2c.o
 .debug_macro   0x00019677      0x254 ./Peripherals/Src/rcc.o
 .debug_macro   0x000198cb      0x254 ./Peripherals/Src/tim.o
 .debug_macro   0x00019b1f      0x254 ./SimpleFOC/Sensor/Src/sensor.o

.debug_line     0x00000000     0x4c99
 .debug_line    0x00000000      0xaa1 ./Core/Src/main.o
 .debug_line    0x00000aa1      0x5b4 ./Core/Src/system_stm32f4xx.o
 .debug_line    0x00001055      0xb0f ./Devices/Src/as5600.o
 .debug_line    0x00001b64      0xbe9 ./Peripherals/Src/i2c.o
 .debug_line    0x0000274d      0xbcc ./Peripherals/Src/rcc.o
 .debug_line    0x00003319      0xc67 ./Peripherals/Src/tim.o
 .debug_line    0x00003f80      0xc9f ./SimpleFOC/Sensor/Src/sensor.o
 .debug_line    0x00004c1f       0x7a ./Startup/startup_stm32f407xx.o

.debug_str      0x00000000    0x8d7f0
 .debug_str     0x00000000    0x8c41b ./Core/Src/main.o
                              0x8c65a (size before relaxing)
 .debug_str     0x0008c41b      0x944 ./Core/Src/system_stm32f4xx.o
                              0x88587 (size before relaxing)
 .debug_str     0x0008cd5f       0x65 ./Devices/Src/as5600.o
                              0x8c58c (size before relaxing)
 .debug_str     0x0008cdc4       0x7b ./Peripherals/Src/i2c.o
                              0x8c6bb (size before relaxing)
 .debug_str     0x0008ce3f      0x57f ./Peripherals/Src/rcc.o
                              0x8cc5e (size before relaxing)
 .debug_str     0x0008d3be       0xb4 ./Peripherals/Src/tim.o
                              0x8cc7c (size before relaxing)
 .debug_str     0x0008d472      0x341 ./SimpleFOC/Sensor/Src/sensor.o
                              0x8c978 (size before relaxing)
 .debug_str     0x0008d7b3       0x3d ./Startup/startup_stm32f407xx.o
                                 0x7a (size before relaxing)

.comment        0x00000000       0x43
 .comment       0x00000000       0x43 ./Core/Src/main.o
                                 0x44 (size before relaxing)
 .comment       0x00000043       0x44 ./Core/Src/system_stm32f4xx.o
 .comment       0x00000043       0x44 ./Devices/Src/as5600.o
 .comment       0x00000043       0x44 ./Peripherals/Src/i2c.o
 .comment       0x00000043       0x44 ./Peripherals/Src/rcc.o
 .comment       0x00000043       0x44 ./Peripherals/Src/tim.o
 .comment       0x00000043       0x44 ./SimpleFOC/Sensor/Src/sensor.o

.debug_frame    0x00000000      0x8c8
 .debug_frame   0x00000000       0xc8 ./Core/Src/main.o
 .debug_frame   0x000000c8       0x58 ./Core/Src/system_stm32f4xx.o
 .debug_frame   0x00000120      0x114 ./Devices/Src/as5600.o
 .debug_frame   0x00000234      0x114 ./Peripherals/Src/i2c.o
 .debug_frame   0x00000348      0x150 ./Peripherals/Src/rcc.o
 .debug_frame   0x00000498      0x1b0 ./Peripherals/Src/tim.o
 .debug_frame   0x00000648      0x254 ./SimpleFOC/Sensor/Src/sensor.o
 .debug_frame   0x0000089c       0x2c C:/ST/STM32CubeIDE_1.17.0/STM32CubeIDE/plugins/com.st.stm32cube.ide.mcu.externaltools.gnu-tools-for-stm32.12.3.rel1.win32_1.1.0.202410251130/tools/bin/../lib/gcc/arm-none-eabi/12.3.1/../../../../arm-none-eabi/lib/thumb/v7e-m+fp/hard\libc_nano.a(libc_a-init.o)

.debug_line_str
                0x00000000       0x5e
 .debug_line_str
                0x00000000       0x5e ./Startup/startup_stm32f407xx.o
