C:/Users/Asus/armcortex/Fellside/SingleMotorOpenLoop/CMSIS/Include/core_cm4.h:1775:22:__NVIC_ClearPendingIRQ	16	static
C:/Users/Asus/armcortex/Fellside/SingleMotorOpenLoop/CMSIS/Include/core_cm4.h:1814:22:__NVIC_SetPriority	16	static
C:/Users/Asus/armcortex/Fellside/SingleMotorOpenLoop/SimpleFOC/Utils/utils.h:44:29:_sin	32	static
C:/Users/Asus/armcortex/Fellside/SingleMotorOpenLoop/SimpleFOC/Utils/utils.h:68:29:_cos	24	static
C:/Users/Asus/armcortex/Fellside/SingleMotorOpenLoop/SimpleFOC/Utils/utils.h:74:28:_sincos	24	static
C:/Users/Asus/armcortex/Fellside/SingleMotorOpenLoop/SimpleFOC/Utils/utils.h:79:29:_sqrtApprox	24	static
../Peripherals/Src/rcc.c:18:6:rcc_SysClock_Config	4	static
../Peripherals/Src/rcc.c:57:6:rcc_SysTick_Config	8	static
../Peripherals/Src/rcc.c:80:6:SysTick_Handler	8	static
