17:04:56 **** Incremental Build of configuration Debug for project SingleMotorOpenLoop ****
make -j20 all 
arm-none-eabi-gcc -mcpu=cortex-m4 -g3 -DDEBUG -c -x assembler-with-cpp -MMD -MP -MF"Startup/startup_stm32f407xx.d" -MT"Startup/startup_stm32f407xx.o" --specs=nano.specs -mfpu=fpv4-sp-d16 -mfloat-abi=hard -mthumb -o "Startup/startup_stm32f407xx.o" "../Startup/startup_stm32f407xx.s"
arm-none-eabi-gcc "../Peripherals/Src/rcc.c" -mcpu=cortex-m4 -std=gnu11 -g3 -DDEBUG -DSTM32F407xx -c -I"C:/Users/Asus/armcortex/Fellside/SingleMotorOpenLoop/Core/Inc" -I"C:/Users/Asus/armcortex/Fellside/SingleMotorOpenLoop/CMSIS/Include" -I"C:/Users/Asus/armcortex/Fellside/SingleMotorOpenLoop/Peripherals/Inc" -O0 -ffunction-sections -fdata-sections -Wall -fstack-usage -fcyclomatic-complexity -MMD -MP -MF"Peripherals/Src/rcc.d" -MT"Peripherals/Src/rcc.o" --specs=nano.specs -mfpu=fpv4-sp-d16 -mfloat-abi=hard -mthumb -o "Peripherals/Src/rcc.o"
arm-none-eabi-gcc "../Core/Src/main.c" -mcpu=cortex-m4 -std=gnu11 -g3 -DDEBUG -DSTM32F407xx -c -I"C:/Users/Asus/armcortex/Fellside/SingleMotorOpenLoop/Core/Inc" -I"C:/Users/Asus/armcortex/Fellside/SingleMotorOpenLoop/CMSIS/Include" -I"C:/Users/Asus/armcortex/Fellside/SingleMotorOpenLoop/Peripherals/Inc" -O0 -ffunction-sections -fdata-sections -Wall -fstack-usage -fcyclomatic-complexity -MMD -MP -MF"Core/Src/main.d" -MT"Core/Src/main.o" --specs=nano.specs -mfpu=fpv4-sp-d16 -mfloat-abi=hard -mthumb -o "Core/Src/main.o"
arm-none-eabi-gcc "../Core/Src/syscalls.c" -mcpu=cortex-m4 -std=gnu11 -g3 -DDEBUG -DSTM32F407xx -c -I"C:/Users/Asus/armcortex/Fellside/SingleMotorOpenLoop/Core/Inc" -I"C:/Users/Asus/armcortex/Fellside/SingleMotorOpenLoop/CMSIS/Include" -I"C:/Users/Asus/armcortex/Fellside/SingleMotorOpenLoop/Peripherals/Inc" -O0 -ffunction-sections -fdata-sections -Wall -fstack-usage -fcyclomatic-complexity -MMD -MP -MF"Core/Src/syscalls.d" -MT"Core/Src/syscalls.o" --specs=nano.specs -mfpu=fpv4-sp-d16 -mfloat-abi=hard -mthumb -o "Core/Src/syscalls.o"
arm-none-eabi-gcc "../Core/Src/sysmem.c" -mcpu=cortex-m4 -std=gnu11 -g3 -DDEBUG -DSTM32F407xx -c -I"C:/Users/Asus/armcortex/Fellside/SingleMotorOpenLoop/Core/Inc" -I"C:/Users/Asus/armcortex/Fellside/SingleMotorOpenLoop/CMSIS/Include" -I"C:/Users/Asus/armcortex/Fellside/SingleMotorOpenLoop/Peripherals/Inc" -O0 -ffunction-sections -fdata-sections -Wall -fstack-usage -fcyclomatic-complexity -MMD -MP -MF"Core/Src/sysmem.d" -MT"Core/Src/sysmem.o" --specs=nano.specs -mfpu=fpv4-sp-d16 -mfloat-abi=hard -mthumb -o "Core/Src/sysmem.o"
arm-none-eabi-gcc "../Core/Src/system_stm32f4xx.c" -mcpu=cortex-m4 -std=gnu11 -g3 -DDEBUG -DSTM32F407xx -c -I"C:/Users/Asus/armcortex/Fellside/SingleMotorOpenLoop/Core/Inc" -I"C:/Users/Asus/armcortex/Fellside/SingleMotorOpenLoop/CMSIS/Include" -I"C:/Users/Asus/armcortex/Fellside/SingleMotorOpenLoop/Peripherals/Inc" -O0 -ffunction-sections -fdata-sections -Wall -fstack-usage -fcyclomatic-complexity -MMD -MP -MF"Core/Src/system_stm32f4xx.d" -MT"Core/Src/system_stm32f4xx.o" --specs=nano.specs -mfpu=fpv4-sp-d16 -mfloat-abi=hard -mthumb -o "Core/Src/system_stm32f4xx.o"
arm-none-eabi-gcc -o "SingleMotorOpenLoop.elf" @"objects.list"   -mcpu=cortex-m4 -T"C:\Users\Asus\armcortex\Fellside\SingleMotorOpenLoop\STM32F407VGTX_FLASH.ld" --specs=nosys.specs -Wl,-Map="SingleMotorOpenLoop.map" -Wl,--gc-sections -static --specs=nano.specs -mfpu=fpv4-sp-d16 -mfloat-abi=hard -mthumb -Wl,--start-group -lc -lm -Wl,--end-group
Finished building target: SingleMotorOpenLoop.elf
 
arm-none-eabi-size  SingleMotorOpenLoop.elf 
arm-none-eabi-objdump -h -S SingleMotorOpenLoop.elf  > "SingleMotorOpenLoop.list"
   text	   data	    bss	    dec	    hex	filename
   3668	     92	   1900	   5660	   161c	SingleMotorOpenLoop.elf
Finished building: default.size.stdout
 
Finished building: SingleMotorOpenLoop.list
 

17:04:57 Build Finished. 0 errors, 0 warnings. (took 546ms)

